../Core/Src/main.c:96:6:hex_byte	24	static
../Core/Src/main.c:113:10:put_one_char	16	static
../Core/Src/main.c:122:10:puthex	24	static
../Core/Src/main.c:142:10:puthexword	16	static
../Core/Src/main.c:148:10:putdecimal16	24	static
../Core/Src/main.c:179:5:main	3840	static,ignoring_inline_asm
../Core/Src/main.c:585:6:SystemClock_Config	96	static
../Core/Src/main.c:638:13:MX_NVIC_Init	8	static
../Core/Src/main.c:653:13:MX_I2C1_Init	8	static
../Core/Src/main.c:701:13:MX_SDMMC1_SD_Init	4	static
../Core/Src/main.c:729:13:MX_SPI1_Init	8	static
../Core/Src/main.c:769:13:MX_TIM17_Init	80	static
../Core/Src/main.c:830:13:MX_USART1_UART_Init	8	static
../Core/Src/main.c:878:13:MX_USART2_UART_Init	8	static
../Core/Src/main.c:926:13:MX_GPIO_Init	56	static
../Core/Src/main.c:1009:6:Error_Handler	8	static,ignoring_inline_asm
