../Core/Src/main.c:109:6:hex_byte	24	static
../Core/Src/main.c:126:10:put_one_char	16	static
../Core/Src/main.c:135:10:puthex	24	static
../Core/Src/main.c:155:10:puthexword	16	static
../Core/Src/main.c:161:10:putdecimal16	24	static
../Core/Src/main.c:203:5:main	2880	static
../Core/Src/main.c:737:6:SystemClock_Config	96	static
../Core/Src/main.c:790:13:MX_NVIC_Init	8	static
../Core/Src/main.c:814:13:MX_I2C1_Init	8	static
../Core/Src/main.c:862:13:MX_SDMMC1_SD_Init	4	static
../Core/Src/main.c:890:13:MX_SPI1_Init	8	static
../Core/Src/main.c:930:13:MX_TIM17_Init	80	static
../Core/Src/main.c:991:13:MX_USART1_UART_Init	8	static
../Core/Src/main.c:1039:13:MX_USART2_UART_Init	8	static
../Core/Src/main.c:1086:13:MX_DMA_Init	16	static
../Core/Src/main.c:1100:13:MX_GPIO_Init	56	static
../Core/Src/main.c:1183:6:Error_Handler	8	static,ignoring_inline_asm
