../Core/Src/stm32l4xx_it.c:95:6:NMI_Handler	8	static
../Core/Src/stm32l4xx_it.c:111:6:HardFault_Handler	4	static
../Core/Src/stm32l4xx_it.c:126:6:MemManage_Handler	4	static
../Core/Src/stm32l4xx_it.c:141:6:BusFault_Handler	4	static
../Core/Src/stm32l4xx_it.c:156:6:UsageFault_Handler	4	static
../Core/Src/stm32l4xx_it.c:171:6:SVC_Handler	4	static
../Core/Src/stm32l4xx_it.c:184:6:DebugMon_Handler	4	static
../Core/Src/stm32l4xx_it.c:197:6:PendSV_Handler	4	static
../Core/Src/stm32l4xx_it.c:210:6:SysTick_Handler	8	static
../Core/Src/stm32l4xx_it.c:231:6:DMA1_Channel1_IRQHandler	8	static
../Core/Src/stm32l4xx_it.c:245:6:DMA1_Channel2_IRQHandler	8	static
../Core/Src/stm32l4xx_it.c:259:6:DMA1_Channel3_IRQHandler	8	static
../Core/Src/stm32l4xx_it.c:273:6:TIM1_TRG_COM_TIM17_IRQHandler	8	static
../Core/Src/stm32l4xx_it.c:290:6:USART1_IRQHandler	8	static
../Core/Src/stm32l4xx_it.c:318:6:USART2_IRQHandler	8	static
../Core/Src/stm32l4xx_it.c:352:6:SDMMC1_IRQHandler	8	static
../Core/Src/stm32l4xx_it.c:366:6:OTG_FS_IRQHandler	8	static
