../Core/Src/custom_bus.c:258:9:BSP_I2C2_DeInit	8	static
../Core/Src/custom_bus.c:286:9:BSP_I2C2_IsReady	8	static
../Core/Src/custom_bus.c:307:9:BSP_I2C2_WriteReg	24	static
../Core/Src/custom_bus.c:333:10:BSP_I2C2_ReadReg	24	static
../Core/Src/custom_bus.c:361:9:BSP_I2C2_WriteReg16	24	static
../Core/Src/custom_bus.c:386:10:BSP_I2C2_ReadReg16	24	static
../Core/Src/custom_bus.c:411:9:BSP_I2C2_Send	16	static
../Core/Src/custom_bus.c:436:9:BSP_I2C2_Recv	16	static
../Core/Src/custom_bus.c:511:9:BSP_GetTick	0	static
../Core/Src/custom_bus.c:517:26:MX_I2C2_Init	16	static
../Core/Src/custom_bus.c:210:9:BSP_I2C2_Init	208	static
