../Core/Src/stm32l4xx_hal_msp.c:63:6:HAL_MspInit	8	static
../Core/Src/stm32l4xx_hal_msp.c:85:6:HAL_I2C_MspInit	184	static
../Core/Src/stm32l4xx_hal_msp.c:131:6:HAL_I2C_MspDeInit	8	static
../Core/Src/stm32l4xx_hal_msp.c:162:6:HAL_SD_MspInit	208	static
../Core/Src/stm32l4xx_hal_msp.c:222:6:HAL_SD_MspDeInit	8	static
../Core/Src/stm32l4xx_hal_msp.c:258:6:HAL_SPI_MspInit	40	static
../Core/Src/stm32l4xx_hal_msp.c:296:6:HAL_SPI_MspDeInit	0	static
../Core/Src/stm32l4xx_hal_msp.c:327:6:HAL_TIM_Base_MspInit	8	static
../Core/Src/stm32l4xx_hal_msp.c:349:6:HAL_TIM_Base_MspDeInit	0	static
../Core/Src/stm32l4xx_hal_msp.c:374:6:HAL_UART_MspInit	192	static
../Core/Src/stm32l4xx_hal_msp.c:455:6:HAL_UART_MspDeInit	8	static
