../Core/Src/stm32l4xx_it.c:80:6:NMI_Handler	8	static
../Core/Src/stm32l4xx_it.c:96:6:HardFault_Handler	0	static
../Core/Src/stm32l4xx_it.c:111:6:MemManage_Handler	0	static
../Core/Src/stm32l4xx_it.c:126:6:BusFault_Handler	0	static
../Core/Src/stm32l4xx_it.c:141:6:UsageFault_Handler	0	static
../Core/Src/stm32l4xx_it.c:156:6:SVC_Handler	0	static
../Core/Src/stm32l4xx_it.c:169:6:DebugMon_Handler	0	static
../Core/Src/stm32l4xx_it.c:182:6:PendSV_Handler	0	static
../Core/Src/stm32l4xx_it.c:195:6:SysTick_Handler	0	static
../Core/Src/stm32l4xx_it.c:216:6:TIM1_TRG_COM_TIM17_IRQHandler	0	static
../Core/Src/stm32l4xx_it.c:231:6:USART2_IRQHandler	8	static
../Core/Src/stm32l4xx_it.c:262:6:OTG_FS_IRQHandler	0	static
