../Core/Src/main.c:203:5:main	152	static
../Core/Src/main.c:420:6:SystemClock_Config	96	static
../Core/Src/main.c:473:13:MX_NVIC_Init	8	static
../Core/Src/main.c:497:13:MX_I2C1_Init	8	static
../Core/Src/main.c:545:13:MX_SDMMC1_SD_Init	4	static
../Core/Src/main.c:573:13:MX_SPI1_Init	8	static
../Core/Src/main.c:613:13:MX_TIM17_Init	80	static
../Core/Src/main.c:674:13:MX_USART1_UART_Init	8	static
../Core/Src/main.c:722:13:MX_USART2_UART_Init	8	static
../Core/Src/main.c:769:13:MX_DMA_Init	16	static
../Core/Src/main.c:783:13:MX_GPIO_Init	56	static
../Core/Src/main.c:866:6:Error_Handler	8	static,ignoring_inline_asm
