../Core/Src/main.c:203:5:main	1088	static
../Core/Src/main.c:421:6:SystemClock_Config	96	static
../Core/Src/main.c:474:13:MX_NVIC_Init	8	static
../Core/Src/main.c:498:13:MX_I2C1_Init	8	static
../Core/Src/main.c:546:13:MX_SDMMC1_SD_Init	4	static
../Core/Src/main.c:574:13:MX_SPI1_Init	8	static
../Core/Src/main.c:614:13:MX_TIM17_Init	80	static
../Core/Src/main.c:675:13:MX_USART1_UART_Init	8	static
../Core/Src/main.c:723:13:MX_USART2_UART_Init	8	static
../Core/Src/main.c:770:13:MX_DMA_Init	16	static
../Core/Src/main.c:784:13:MX_GPIO_Init	56	static
../Core/Src/main.c:867:6:Error_Handler	8	static,ignoring_inline_asm
