Archive member included to satisfy reference by file (symbol)

/opt/st/stm32cubeide_1.12.0/plugins/com.st.stm32cube.ide.mcu.externaltools.gnu-tools-for-stm32.10.3-2021.10.linux64_1.0.200.202301161003/tools/bin/../lib/gcc/arm-none-eabi/10.3.1/../../../../arm-none-eabi/lib/thumb/v6-m/nofp/libc_nano.a(lib_a-errno.o)
                              ./Core/Src/syscalls.o (__errno)
/opt/st/stm32cubeide_1.12.0/plugins/com.st.stm32cube.ide.mcu.externaltools.gnu-tools-for-stm32.10.3-2021.10.linux64_1.0.200.202301161003/tools/bin/../lib/gcc/arm-none-eabi/10.3.1/../../../../arm-none-eabi/lib/thumb/v6-m/nofp/libc_nano.a(lib_a-exit.o)
                              /opt/st/stm32cubeide_1.12.0/plugins/com.st.stm32cube.ide.mcu.externaltools.gnu-tools-for-stm32.10.3-2021.10.linux64_1.0.200.202301161003/tools/bin/../lib/gcc/arm-none-eabi/10.3.1/../../../../arm-none-eabi/lib/thumb/v6-m/nofp/crt0.o (exit)
/opt/st/stm32cubeide_1.12.0/plugins/com.st.stm32cube.ide.mcu.externaltools.gnu-tools-for-stm32.10.3-2021.10.linux64_1.0.200.202301161003/tools/bin/../lib/gcc/arm-none-eabi/10.3.1/../../../../arm-none-eabi/lib/thumb/v6-m/nofp/libc_nano.a(lib_a-impure.o)
                              /opt/st/stm32cubeide_1.12.0/plugins/com.st.stm32cube.ide.mcu.externaltools.gnu-tools-for-stm32.10.3-2021.10.linux64_1.0.200.202301161003/tools/bin/../lib/gcc/arm-none-eabi/10.3.1/../../../../arm-none-eabi/lib/thumb/v6-m/nofp/libc_nano.a(lib_a-exit.o) (_global_impure_ptr)
/opt/st/stm32cubeide_1.12.0/plugins/com.st.stm32cube.ide.mcu.externaltools.gnu-tools-for-stm32.10.3-2021.10.linux64_1.0.200.202301161003/tools/bin/../lib/gcc/arm-none-eabi/10.3.1/../../../../arm-none-eabi/lib/thumb/v6-m/nofp/libc_nano.a(lib_a-init.o)
                              /opt/st/stm32cubeide_1.12.0/plugins/com.st.stm32cube.ide.mcu.externaltools.gnu-tools-for-stm32.10.3-2021.10.linux64_1.0.200.202301161003/tools/bin/../lib/gcc/arm-none-eabi/10.3.1/../../../../arm-none-eabi/lib/thumb/v6-m/nofp/crt0.o (__libc_init_array)
/opt/st/stm32cubeide_1.12.0/plugins/com.st.stm32cube.ide.mcu.externaltools.gnu-tools-for-stm32.10.3-2021.10.linux64_1.0.200.202301161003/tools/bin/../lib/gcc/arm-none-eabi/10.3.1/../../../../arm-none-eabi/lib/thumb/v6-m/nofp/libc_nano.a(lib_a-memcpy-stub.o)
                              ./Core/Src/bmp3.o (memcpy)
/opt/st/stm32cubeide_1.12.0/plugins/com.st.stm32cube.ide.mcu.externaltools.gnu-tools-for-stm32.10.3-2021.10.linux64_1.0.200.202301161003/tools/bin/../lib/gcc/arm-none-eabi/10.3.1/../../../../arm-none-eabi/lib/thumb/v6-m/nofp/libc_nano.a(lib_a-memset.o)
                              /opt/st/stm32cubeide_1.12.0/plugins/com.st.stm32cube.ide.mcu.externaltools.gnu-tools-for-stm32.10.3-2021.10.linux64_1.0.200.202301161003/tools/bin/../lib/gcc/arm-none-eabi/10.3.1/../../../../arm-none-eabi/lib/thumb/v6-m/nofp/crt0.o (memset)
/opt/st/stm32cubeide_1.12.0/plugins/com.st.stm32cube.ide.mcu.externaltools.gnu-tools-for-stm32.10.3-2021.10.linux64_1.0.200.202301161003/tools/bin/../lib/gcc/arm-none-eabi/10.3.1/../../../../arm-none-eabi/lib/thumb/v6-m/nofp/libc_nano.a(lib_a-strlen.o)
                              ./Core/Src/common_porting.o (strlen)
/opt/st/stm32cubeide_1.12.0/plugins/com.st.stm32cube.ide.mcu.externaltools.gnu-tools-for-stm32.10.3-2021.10.linux64_1.0.200.202301161003/tools/bin/../lib/gcc/arm-none-eabi/10.3.1/../../../../arm-none-eabi/lib/thumb/v6-m/nofp/libc_nano.a(lib_a-vsnprintf.o)
                              ./Core/Src/common_porting.o (vsnprintf)
/opt/st/stm32cubeide_1.12.0/plugins/com.st.stm32cube.ide.mcu.externaltools.gnu-tools-for-stm32.10.3-2021.10.linux64_1.0.200.202301161003/tools/bin/../lib/gcc/arm-none-eabi/10.3.1/../../../../arm-none-eabi/lib/thumb/v6-m/nofp/libc_nano.a(lib_a-nano-svfprintf.o)
                              /opt/st/stm32cubeide_1.12.0/plugins/com.st.stm32cube.ide.mcu.externaltools.gnu-tools-for-stm32.10.3-2021.10.linux64_1.0.200.202301161003/tools/bin/../lib/gcc/arm-none-eabi/10.3.1/../../../../arm-none-eabi/lib/thumb/v6-m/nofp/libc_nano.a(lib_a-vsnprintf.o) (_svfprintf_r)
/opt/st/stm32cubeide_1.12.0/plugins/com.st.stm32cube.ide.mcu.externaltools.gnu-tools-for-stm32.10.3-2021.10.linux64_1.0.200.202301161003/tools/bin/../lib/gcc/arm-none-eabi/10.3.1/../../../../arm-none-eabi/lib/thumb/v6-m/nofp/libc_nano.a(lib_a-nano-vfprintf_i.o)
                              /opt/st/stm32cubeide_1.12.0/plugins/com.st.stm32cube.ide.mcu.externaltools.gnu-tools-for-stm32.10.3-2021.10.linux64_1.0.200.202301161003/tools/bin/../lib/gcc/arm-none-eabi/10.3.1/../../../../arm-none-eabi/lib/thumb/v6-m/nofp/libc_nano.a(lib_a-nano-svfprintf.o) (_printf_i)
/opt/st/stm32cubeide_1.12.0/plugins/com.st.stm32cube.ide.mcu.externaltools.gnu-tools-for-stm32.10.3-2021.10.linux64_1.0.200.202301161003/tools/bin/../lib/gcc/arm-none-eabi/10.3.1/../../../../arm-none-eabi/lib/thumb/v6-m/nofp/libc_nano.a(lib_a-memchr-stub.o)
[...]
Memory Configuration

Name             Origin             Length             Attributes
RAM              0x0000000020000000 0x0000000000005000 xrw
FLASH            0x0000000008000000 0x0000000000020000 xr
*default*        0x0000000000000000 0xffffffffffffffff

Linker script and memory map

LOAD /opt/st/stm32cubeide_1.12.0/plugins/com.st.stm32cube.ide.mcu.externaltools.gnu-tools-for-stm32.10.3-2021.10.linux64_1.0.200.202301161003/tools/bin/../lib/gcc/arm-none-eabi/10.3.1/thumb/v6-m/nofp/crti.o
LOAD /opt/st/stm32cubeide_1.12.0/plugins/com.st.stm32cube.ide.mcu.externaltools.gnu-tools-for-stm32.10.3-2021.10.linux64_1.0.200.202301161003/tools/bin/../lib/gcc/arm-none-eabi/10.3.1/thumb/v6-m/nofp/crtbegin.o
LOAD /opt/st/stm32cubeide_1.12.0/plugins/com.st.stm32cube.ide.mcu.externaltools.gnu-tools-for-stm32.10.3-2021.10.linux64_1.0.200.202301161003/tools/bin/../lib/gcc/arm-none-eabi/10.3.1/../../../../arm-none-eabi/lib/thumb/v6-m/nofp/crt0.o
LOAD ./Core/Src/bmp3.o
LOAD ./Core/Src/bmp390_task.o
LOAD ./Core/Src/common_porting.o
LOAD ./Core/Src/freertos.o
LOAD ./Core/Src/gpio.o
LOAD ./Core/Src/i2c.o
LOAD ./Core/Src/main.o
LOAD ./Core/Src/stm32l0xx_hal_msp.o
LOAD ./Core/Src/stm32l0xx_it.o
LOAD ./Core/Src/syscalls.o
LOAD ./Core/Src/sysmem.o
LOAD ./Core/Src/system_stm32l0xx.o
LOAD ./Core/Src/usart.o
LOAD ./Core/Startup/startup_stm32l010rbtx.o
LOAD ./Drivers/STM32L0xx_HAL_Driver/stm32l0xx_hal.o
LOAD ./Drivers/STM32L0xx_HAL_Driver/stm32l0xx_hal_cortex.o
LOAD ./Drivers/STM32L0xx_HAL_Driver/stm32l0xx_hal_dma.o
LOAD ./Drivers/STM32L0xx_HAL_Driver/stm32l0xx_hal_exti.o
LOAD ./Drivers/STM32L0xx_HAL_Driver/stm32l0xx_hal_flash.o
LOAD ./Drivers/STM32L0xx_HAL_Driver/stm32l0xx_hal_flash_ex.o
LOAD ./Drivers/STM32L0xx_HAL_Driver/stm32l0xx_hal_flash_ramfunc.o
LOAD ./Drivers/STM32L0xx_HAL_Driver/stm32l0xx_hal_gpio.o
LOAD ./Drivers/STM32L0xx_HAL_Driver/stm32l0xx_hal_i2c.o
LOAD ./Drivers/STM32L0xx_HAL_Driver/stm32l0xx_hal_i2c_ex.o
LOAD ./Drivers/STM32L0xx_HAL_Driver/stm32l0xx_hal_pwr.o
LOAD ./Drivers/STM32L0xx_HAL_Driver/stm32l0xx_hal_pwr_ex.o
LOAD ./Drivers/STM32L0xx_HAL_Driver/stm32l0xx_hal_rcc.o
LOAD ./Drivers/STM32L0xx_HAL_Driver/stm32l0xx_hal_rcc_ex.o
LOAD ./Drivers/STM32L0xx_HAL_Driver/stm32l0xx_hal_tim.o
LOAD ./Drivers/STM32L0xx_HAL_Driver/stm32l0xx_hal_tim_ex.o
LOAD ./Drivers/STM32L0xx_HAL_Driver/stm32l0xx_hal_uart.o
LOAD ./Drivers/STM32L0xx_HAL_Driver/stm32l0xx_hal_uart_ex.o
LOAD ./Middlewares/FreeRTOS/cmsis_os.o
LOAD ./Middlewares/FreeRTOS/croutine.o
LOAD ./Middlewares/FreeRTOS/event_groups.o
LOAD ./Middlewares/FreeRTOS/heap_4.o
LOAD ./Middlewares/FreeRTOS/list.o
LOAD ./Middlewares/FreeRTOS/port.o
LOAD ./Middlewares/FreeRTOS/queue.o
LOAD ./Middlewares/FreeRTOS/stream_buffer.o
LOAD ./Middlewares/FreeRTOS/tasks.o
LOAD ./Middlewares/FreeRTOS/timers.o
START GROUP
LOAD /opt/st/stm32cubeide_1.12.0/plugins/com.st.stm32cube.ide.mcu.externaltools.gnu-tools-for-stm32.10.3-2021.10.linux64_1.0.200.202301161003/tools/bin/../lib/gcc/arm-none-eabi/10.3.1/../../../../arm-none-eabi/lib/thumb/v6-m/nofp/libc_nano.a
LOAD /opt/st/stm32cubeide_1.12.0/plugins/com.st.stm32cube.ide.mcu.externaltools.gnu-tools-for-stm32.10.3-2021.10.linux64_1.0.200.202301161003/tools/bin/../lib/gcc/arm-none-eabi/10.3.1/../../../../arm-none-eabi/lib/thumb/v6-m/nofp/libm.a
END GROUP
START GROUP
LOAD /opt/st/stm32cubeide_1.12.0/plugins/com.st.stm32cube.ide.mcu.externaltools.gnu-tools-for-stm32.10.3-2021.10.linux64_1.0.200.202301161003/tools/bin/../lib/gcc/arm-none-eabi/10.3.1/thumb/v6-m/nofp/libgcc.a
LOAD /opt/st/stm32cubeide_1.12.0/plugins/com.st.stm32cube.ide.mcu.externaltools.gnu-tools-for-stm32.10.3-2021.10.linux64_1.0.200.202301161003/tools/bin/../lib/gcc/arm-none-eabi/10.3.1/../../../../arm-none-eabi/lib/thumb/v6-m/nofp/libc_nano.a
END GROUP
START GROUP
LOAD /opt/st/stm32cubeide_1.12.0/plugins/com.st.stm32cube.ide.mcu.externaltools.gnu-tools-for-stm32.10.3-2021.10.linux64_1.0.200.202301161003/tools/bin/../lib/gcc/arm-none-eabi/10.3.1/thumb/v6-m/nofp/libgcc.a
LOAD /opt/st/stm32cubeide_1.12.0/plugins/com.st.stm32cube.ide.mcu.externaltools.gnu-tools-for-stm32.10.3-2021.10.linux64_1.0.200.202301161003/tools/bin/../lib/gcc/arm-none-eabi/10.3.1/../../../../arm-none-eabi/lib/thumb/v6-m/nofp/libc_nano.a
LOAD /opt/st/stm32cubeide_1.12.0/plugins/com.st.stm32cube.ide.mcu.externaltools.gnu-tools-for-stm32.10.3-2021.10.linux64_1.0.200.202301161003/tools/bin/../lib/gcc/arm-none-eabi/10.3.1/../../../../arm-none-eabi/lib/thumb/v6-m/nofp/libnosys.a
END GROUP
START GROUP
LOAD /opt/st/stm32cubeide_1.12.0/plugins/com.st.stm32cube.ide.mcu.externaltools.gnu-tools-for-stm32.10.3-2021.10.linux64_1.0.200.202301161003/tools/bin/../lib/gcc/arm-none-eabi/10.3.1/thumb/v6-m/nofp/libgcc.a
LOAD /opt/st/stm32cubeide_1.12.0/plugins/com.st.stm32cube.ide.mcu.externaltools.gnu-tools-for-stm32.10.3-2021.10.linux64_1.0.200.202301161003/tools/bin/../lib/gcc/arm-none-eabi/10.3.1/../../../../arm-none-eabi/lib/thumb/v6-m/nofp/libc_nano.a
LOAD /opt/st/stm32cubeide_1.12.0/plugins/com.st.stm32cube.ide.mcu.externaltools.gnu-tools-for-stm32.10.3-2021.10.linux64_1.0.200.202301161003/tools/bin/../lib/gcc/arm-none-eabi/10.3.1/../../../../arm-none-eabi/lib/thumb/v6-m/nofp/libnosys.a
END GROUP
LOAD /opt/st/stm32cubeide_1.12.0/plugins/com.st.stm32cube.ide.mcu.externaltools.gnu-tools-for-stm32.10.3-2021.10.linux64_1.0.200.202301161003/tools/bin/../lib/gcc/arm-none-eabi/10.3.1/thumb/v6-m/nofp/crtend.o
LOAD /opt/st/stm32cubeide_1.12.0/plugins/com.st.stm32cube.ide.mcu.externaltools.gnu-tools-for-stm32.10.3-2021.10.linux64_1.0.200.202301161003/tools/bin/../lib/gcc/arm-none-eabi/10.3.1/thumb/v6-m/nofp/crtn.o
                0x0000000020005000                _estack = (ORIGIN (RAM) + LENGTH (RAM))
                0x0000000000000800                _Min_Heap_Size = 0x800
                0x0000000000000800                _Min_Stack_Size = 0x800

.isr_vector     0x0000000008000000       0xc0
                0x0000000008000000                . = ALIGN (0x4)
 *(.isr_vector)
 .isr_vector    0x0000000008000000       0xc0 ./Core/Startup/startup_stm32l010rbtx.o
                0x0000000008000000                g_pfnVectors
                0x00000000080000c0                . = ALIGN (0x4)

.text           0x00000000080000c0     0x98e4
                0x00000000080000c0                . = ALIGN (0x4)
 *(.text)
 .text          0x00000000080000c0       0x48 /opt/st/stm32cubeide_1.12.0/plugins/com.st.stm32cube.ide.mcu.externaltools.gnu-tools-for-stm32.10.3-2021.10.linux64_1.0.200.202301161003/tools/bin/../lib/gcc/arm-none-eabi/10.3.1/thumb/v6-m/nofp/crtbegin.o
 .text          0x0000000008000108        0xe /opt/st/stm32cubeide_1.12.0/plugins/com.st.stm32cube.ide.mcu.externaltools.gnu-tools-for-stm32.10.3-2021.10.linux64_1.0.200.202301161003/tools/bin/../lib/gcc/arm-none-eabi/10.3.1/../../../../arm-none-eabi/lib/thumb/v6-m/nofp/libc_nano.a(lib_a-strlen.o)
                0x0000000008000108                strlen
 *fill*         0x0000000008000116        0x2 
 .text          0x0000000008000118       0x14 /opt/st/stm32cubeide_1.12.0/plugins/com.st.stm32cube.ide.mcu.externaltools.gnu-tools-for-stm32.10.3-2021.10.linux64_1.0.200.202301161003/tools/bin/../lib/gcc/arm-none-eabi/10.3.1/thumb/v6-m/nofp/libgcc.a(_thumb1_case_shi.o)
                0x0000000008000118                __gnu_thumb1_case_shi
 .text          0x000000000800012c      0x114 /opt/st/stm32cubeide_1.12.0/plugins/com.st.stm32cube.ide.mcu.externaltools.gnu-tools-for-stm32.10.3-2021.10.linux64_1.0.200.202301161003/tools/bin/../lib/gcc/arm-none-eabi/10.3.1/thumb/v6-m/nofp/libgcc.a(_udivsi3.o)
                0x000000000800012c                __udivsi3
                0x000000000800012c                __aeabi_uidiv
                0x0000000008000238                __aeabi_uidivmod
 .text          0x0000000008000240        0x4 /opt/st/stm32cubeide_1.12.0/plugins/com.st.stm32cube.ide.mcu.externaltools.gnu-tools-for-stm32.10.3-2021.10.linux64_1.0.200.202301161003/tools/bin/../lib/gcc/arm-none-eabi/10.3.1/thumb/v6-m/nofp/libgcc.a(_dvmd_tls.o)
                0x0000000008000240                __aeabi_ldiv0
                0x0000000008000240                __aeabi_idiv0
 .text          0x0000000008000244       0x7c /opt/st/stm32cubeide_1.12.0/plugins/com.st.stm32cube.ide.mcu.externaltools.gnu-tools-for-stm32.10.3-2021.10.linux64_1.0.200.202301161003/tools/bin/../lib/gcc/arm-none-eabi/10.3.1/thumb/v6-m/nofp/libgcc.a(_arm_cmpdf2.o)
                0x0000000008000244                __aeabi_cdrcmple
                0x0000000008000254                __aeabi_cdcmple
                0x0000000008000254                __aeabi_cdcmpeq
                0x0000000008000264                __aeabi_dcmpeq
                0x0000000008000270                __aeabi_dcmplt
                0x0000000008000284                __aeabi_dcmple
                0x0000000008000298                __aeabi_dcmpgt
                0x00000000080002ac                __aeabi_dcmpge
 .text          0x00000000080002c0       0x40 /opt/st/stm32cubeide_1.12.0/plugins/com.st.stm32cube.ide.mcu.externaltools.gnu-tools-for-stm32.10.3-2021.10.linux64_1.0.200.202301161003/tools/bin/../lib/gcc/arm-none-eabi/10.3.1/thumb/v6-m/nofp/libgcc.a(_aeabi_uldivmod.o)
                0x00000000080002c0                __aeabi_uldivmod
 .text          0x0000000008000300       0x5c /opt/st/stm32cubeide_1.12.0/plugins/com.st.stm32cube.ide.mcu.externaltools.gnu-tools-for-stm32.10.3-2021.10.linux64_1.0.200.202301161003/tools/bin/../lib/gcc/arm-none-eabi/10.3.1/thumb/v6-m/nofp/libgcc.a(_muldi3.o)
                0x0000000008000300                __aeabi_lmul
                0x0000000008000300                __muldi3
 .text          0x000000000800035c       0x30 /opt/st/stm32cubeide_1.12.0/plugins/com.st.stm32cube.ide.mcu.externaltools.gnu-tools-for-stm32.10.3-2021.10.linux64_1.0.200.202301161003/tools/bin/../lib/gcc/arm-none-eabi/10.3.1/thumb/v6-m/nofp/libgcc.a(_fixunssfsi.o)
                0x000000000800035c                __aeabi_f2uiz
                0x000000000800035c                __fixunssfsi
 .text          0x000000000800038c       0x2c /opt/st/stm32cubeide_1.12.0/plugins/com.st.stm32cube.ide.mcu.externaltools.gnu-tools-for-stm32.10.3-2021.10.linux64_1.0.200.202301161003/tools/bin/../lib/gcc/arm-none-eabi/10.3.1/thumb/v6-m/nofp/libgcc.a(_floatdidf.o)
                0x000000000800038c                __floatdidf
                0x000000000800038c                __aeabi_l2d
 .text          0x00000000080003b8       0x2c /opt/st/stm32cubeide_1.12.0/plugins/com.st.stm32cube.ide.mcu.externaltools.gnu-tools-for-stm32.10.3-2021.10.linux64_1.0.200.202301161003/tools/bin/../lib/gcc/arm-none-eabi/10.3.1/thumb/v6-m/nofp/libgcc.a(_floatundidf.o)
                0x00000000080003b8                __aeabi_ul2d
                0x00000000080003b8                __floatundidf
 .text          0x00000000080003e4      0x198 /opt/st/stm32cubeide_1.12.0/plugins/com.st.stm32cube.ide.mcu.externaltools.gnu-tools-for-stm32.10.3-2021.10.linux64_1.0.200.202301161003/tools/bin/../lib/gcc/arm-none-eabi/10.3.1/thumb/v6-m/nofp/libgcc.a(_udivmoddi4.o)
                0x00000000080003e4                __udivmoddi4
 .text          0x000000000800057c      0x33c /opt/st/stm32cubeide_1.12.0/plugins/com.st.stm32cube.ide.mcu.externaltools.gnu-tools-for-stm32.10.3-2021.10.linux64_1.0.200.202301161003/tools/bin/../lib/gcc/arm-none-eabi/10.3.1/thumb/v6-m/nofp/libgcc.a(addsf3.o)
                0x000000000800057c                __aeabi_fadd
 .text          0x00000000080008b8      0x24c /opt/st/stm32cubeide_1.12.0/plugins/com.st.stm32cube.ide.mcu.externaltools.gnu-tools-for-stm32.10.3-2021.10.linux64_1.0.200.202301161003/tools/bin/../lib/gcc/arm-none-eabi/10.3.1/thumb/v6-m/nofp/libgcc.a(mulsf3.o)
                0x00000000080008b8                __aeabi_fmul
 .text          0x0000000008000b04      0x35c /opt/st/stm32cubeide_1.12.0/plugins/com.st.stm32cube.ide.mcu.externaltools.gnu-tools-for-stm32.10.3-2021.10.linux64_1.0.200.202301161003/tools/bin/../lib/gcc/arm-none-eabi/10.3.1/thumb/v6-m/nofp/libgcc.a(subsf3.o)
                0x0000000008000b04                __aeabi_fsub
 .text          0x0000000008000e60       0x40 /opt/st/stm32cubeide_1.12.0/plugins/com.st.stm32cube.ide.mcu.externaltools.gnu-tools-for-stm32.10.3-2021.10.linux64_1.0.200.202301161003/tools/bin/../lib/gcc/arm-none-eabi/10.3.1/thumb/v6-m/nofp/libgcc.a(fixsfsi.o)
                0x0000000008000e60                __aeabi_f2iz
 .text          0x0000000008000ea0      0x678 /opt/st/stm32cubeide_1.12.0/plugins/com.st.stm32cube.ide.mcu.externaltools.gnu-tools-for-stm32.10.3-2021.10.linux64_1.0.200.202301161003/tools/bin/../lib/gcc/arm-none-eabi/10.3.1/thumb/v6-m/nofp/libgcc.a(adddf3.o)
                0x0000000008000ea0                __aeabi_dadd
 .text          0x0000000008001518      0x5ec /opt/st/stm32cubeide_1.12.0/plugins/com.st.stm32cube.ide.mcu.externaltools.gnu-tools-for-stm32.10.3-2021.10.linux64_1.0.200.202301161003/tools/bin/../lib/gcc/arm-none-eabi/10.3.1/thumb/v6-m/nofp/libgcc.a(divdf3.o)
                0x0000000008001518                __aeabi_ddiv
 .text          0x0000000008001b04       0x84 /opt/st/stm32cubeide_1.12.0/plugins/com.st.stm32cube.ide.mcu.externaltools.gnu-tools-for-stm32.10.3-2021.10.linux64_1.0.200.202301161003/tools/bin/../lib/gcc/arm-none-eabi/10.3.1/thumb/v6-m/nofp/libgcc.a(eqdf2.o)
                0x0000000008001b04                __eqdf2
                0x0000000008001b04                __nedf2
 .text          0x0000000008001b88       0xcc /opt/st/stm32cubeide_1.12.0/plugins/com.st.stm32cube.ide.mcu.externaltools.gnu-tools-for-stm32.10.3-2021.10.linux64_1.0.200.202301161003/tools/bin/../lib/gcc/arm-none-eabi/10.3.1/thumb/v6-m/nofp/libgcc.a(gedf2.o)
                0x0000000008001b88                __gtdf2
                0x0000000008001b88                __gedf2
 .text          0x0000000008001c54       0xc8 /opt/st/stm32cubeide_1.12.0/plugins/com.st.stm32cube.ide.mcu.externaltools.gnu-tools-for-stm32.10.3-2021.10.linux64_1.0.200.202301161003/tools/bin/../lib/gcc/arm-none-eabi/10.3.1/thumb/v6-m/nofp/libgcc.a(ledf2.o)
                0x0000000008001c54                __ltdf2
                0x0000000008001c54                __ledf2
 .text          0x0000000008001d1c      0x4d8 /opt/st/stm32cubeide_1.12.0/plugins/com.st.stm32cube.ide.mcu.externaltools.gnu-tools-for-stm32.10.3-2021.10.linux64_1.0.200.202301161003/tools/bin/../lib/gcc/arm-none-eabi/10.3.1/thumb/v6-m/nofp/libgcc.a(muldf3.o)
                0x0000000008001d1c                __aeabi_dmul
 .text          0x00000000080021f4      0x724 /opt/st/stm32cubeide_1.12.0/plugins/com.st.stm32cube.ide.mcu.externaltools.gnu-tools-for-stm32.10.3-2021.10.linux64_1.0.200.202301161003/tools/bin/../lib/gcc/arm-none-eabi/10.3.1/thumb/v6-m/nofp/libgcc.a(subdf3.o)
                0x00000000080021f4                __aeabi_dsub
 .text          0x0000000008002918       0x60 /opt/st/stm32cubeide_1.12.0/plugins/com.st.stm32cube.ide.mcu.externaltools.gnu-tools-for-stm32.10.3-2021.10.linux64_1.0.200.202301161003/tools/bin/../lib/gcc/arm-none-eabi/10.3.1/thumb/v6-m/nofp/libgcc.a(floatsidf.o)
                0x0000000008002918                __aeabi_i2d
 .text          0x0000000008002978       0x4c /opt/st/stm32cubeide_1.12.0/plugins/com.st.stm32cube.ide.mcu.externaltools.gnu-tools-for-stm32.10.3-2021.10.linux64_1.0.200.202301161003/tools/bin/../lib/gcc/arm-none-eabi/10.3.1/thumb/v6-m/nofp/libgcc.a(floatunsidf.o)
                0x0000000008002978                __aeabi_ui2d
 .text          0x00000000080029c4       0x90 /opt/st/stm32cubeide_1.12.0/plugins/com.st.stm32cube.ide.mcu.externaltools.gnu-tools-for-stm32.10.3-2021.10.linux64_1.0.200.202301161003/tools/bin/../lib/gcc/arm-none-eabi/10.3.1/thumb/v6-m/nofp/libgcc.a(extendsfdf2.o)
                0x00000000080029c4                __aeabi_f2d
 .text          0x0000000008002a54      0x110 /opt/st/stm32cubeide_1.12.0/plugins/com.st.stm32cube.ide.mcu.externaltools.gnu-tools-for-stm32.10.3-2021.10.linux64_1.0.200.202301161003/tools/bin/../lib/gcc/arm-none-eabi/10.3.1/thumb/v6-m/nofp/libgcc.a(truncdfsf2.o)
                0x0000000008002a54                __aeabi_d2f
 .text          0x0000000008002b64       0x74 /opt/st/stm32cubeide_1.12.0/plugins/com.st.stm32cube.ide.mcu.externaltools.gnu-tools-for-stm32.10.3-2021.10.linux64_1.0.200.202301161003/tools/bin/../lib/gcc/arm-none-eabi/10.3.1/thumb/v6-m/nofp/libgcc.a(_arm_cmpsf2.o)
                0x0000000008002b64                __aeabi_cfrcmple
                0x0000000008002b6c                __aeabi_cfcmple
                0x0000000008002b6c                __aeabi_cfcmpeq
                0x0000000008002b7c                __aeabi_fcmpeq
                0x0000000008002b88                __aeabi_fcmplt
                0x0000000008002b9c                __aeabi_fcmple
                0x0000000008002bb0                __aeabi_fcmpgt
                0x0000000008002bc4                __aeabi_fcmpge
 .text          0x0000000008002bd8       0x3c /opt/st/stm32cubeide_1.12.0/plugins/com.st.stm32cube.ide.mcu.externaltools.gnu-tools-for-stm32.10.3-2021.10.linux64_1.0.200.202301161003/tools/bin/../lib/gcc/arm-none-eabi/10.3.1/thumb/v6-m/nofp/libgcc.a(_clzsi2.o)
                0x0000000008002bd8                __clzsi2
 .text          0x0000000008002c14       0x18 /opt/st/stm32cubeide_1.12.0/plugins/com.st.stm32cube.ide.mcu.externaltools.gnu-tools-for-stm32.10.3-2021.10.linux64_1.0.200.202301161003/tools/bin/../lib/gcc/arm-none-eabi/10.3.1/thumb/v6-m/nofp/libgcc.a(_clzdi2.o)
                0x0000000008002c14                __clzdi2
 .text          0x0000000008002c2c       0x4c /opt/st/stm32cubeide_1.12.0/plugins/com.st.stm32cube.ide.mcu.externaltools.gnu-tools-for-stm32.10.3-2021.10.linux64_1.0.200.202301161003/tools/bin/../lib/gcc/arm-none-eabi/10.3.1/thumb/v6-m/nofp/libgcc.a(eqsf2.o)
                0x0000000008002c2c                __nesf2
                0x0000000008002c2c                __eqsf2
 .text          0x0000000008002c78       0x8c /opt/st/stm32cubeide_1.12.0/plugins/com.st.stm32cube.ide.mcu.externaltools.gnu-tools-for-stm32.10.3-2021.10.linux64_1.0.200.202301161003/tools/bin/../lib/gcc/arm-none-eabi/10.3.1/thumb/v6-m/nofp/libgcc.a(gesf2.o)
                0x0000000008002c78                __gtsf2
                0x0000000008002c78                __gesf2
 .text          0x0000000008002d04       0x88 /opt/st/stm32cubeide_1.12.0/plugins/com.st.stm32cube.ide.mcu.externaltools.gnu-tools-for-stm32.10.3-2021.10.linux64_1.0.200.202301161003/tools/bin/../lib/gcc/arm-none-eabi/10.3.1/thumb/v6-m/nofp/libgcc.a(lesf2.o)
                0x0000000008002d04                __lesf2
                0x0000000008002d04                __ltsf2
 *(.text*)
 .text.bmp3_init
                0x0000000008002d8c       0xbc ./Core/Src/bmp3.o
                0x0000000008002d8c                bmp3_init
 .text.bmp3_get_regs
                0x0000000008002e48      0x180 ./Core/Src/bmp3.o
                0x0000000008002e48                bmp3_get_regs
 .text.bmp3_set_regs
                0x0000000008002fc8      0x182 ./Core/Src/bmp3.o
                0x0000000008002fc8                bmp3_set_regs
 .text.bmp3_set_sensor_settings
                0x000000000800314a       0xc2 ./Core/Src/bmp3.o
                0x000000000800314a                bmp3_set_sensor_settings
 .text.bmp3_get_status
                0x000000000800320c       0x76 ./Core/Src/bmp3.o
                0x000000000800320c                bmp3_get_status
 .text.bmp3_soft_reset
                0x0000000008003282       0xb6 ./Core/Src/bmp3.o
                0x0000000008003282                bmp3_soft_reset
 .text.bmp3_set_op_mode
                0x0000000008003338       0xe0 ./Core/Src/bmp3.o
                0x0000000008003338                bmp3_set_op_mode
 .text.bmp3_get_op_mode
                0x0000000008003418       0x50 ./Core/Src/bmp3.o
                0x0000000008003418                bmp3_get_op_mode
 .text.bmp3_get_sensor_data
                0x0000000008003468       0x96 ./Core/Src/bmp3.o
                0x0000000008003468                bmp3_get_sensor_data
 .text.set_normal_mode
                0x00000000080034fe       0x86 ./Core/Src/bmp3.o
 .text.write_power_mode
                0x0000000008003584       0x8a ./Core/Src/bmp3.o
 .text.put_device_to_sleep
                0x000000000800360e       0x64 ./Core/Src/bmp3.o
 .text.validate_normal_mode_settings
                0x0000000008003672       0x46 ./Core/Src/bmp3.o
 .text.get_calib_data
                0x00000000080036b8       0x58 ./Core/Src/bmp3.o
 .text.interleave_reg_addr
                0x0000000008003710       0x52 ./Core/Src/bmp3.o
 .text.parse_odr_filter_settings
                0x0000000008003762       0x86 ./Core/Src/bmp3.o
 .text.set_pwr_ctrl_settings
                0x00000000080037e8       0xb8 ./Core/Src/bmp3.o
 .text.set_odr_filter_settings
                0x00000000080038a0       0xfc ./Core/Src/bmp3.o
 .text.set_int_ctrl_settings
                0x000000000800399c      0x136 ./Core/Src/bmp3.o
 .text.set_advance_settings
                0x0000000008003ad2       0xd6 ./Core/Src/bmp3.o
 .text.get_odr_filter_settings
                0x0000000008003ba8       0x3c ./Core/Src/bmp3.o
 .text.validate_osr_and_odr_settings
                0x0000000008003be4       0x8c ./Core/Src/bmp3.o
 .text.verify_meas_time_and_odr_duration
                0x0000000008003c70       0x34 ./Core/Src/bmp3.o
 .text.calculate_press_meas_time
                0x0000000008003ca4       0x68 ./Core/Src/bmp3.o
 .text.calculate_temp_meas_time
                0x0000000008003d0c       0x68 ./Core/Src/bmp3.o
 .text.fill_osr_data
                0x0000000008003d74       0xb4 ./Core/Src/bmp3.o
 .text.fill_odr_data
                0x0000000008003e28       0x70 ./Core/Src/bmp3.o
 .text.fill_filter_data
                0x0000000008003e98       0x72 ./Core/Src/bmp3.o
 .text.parse_sensor_data
                0x0000000008003f0a       0x74 ./Core/Src/bmp3.o
 .text.compensate_data
                0x0000000008003f7e      0x100 ./Core/Src/bmp3.o
 *fill*         0x000000000800407e        0x2 
 .text.parse_calib_data
                0x0000000008004080      0x378 ./Core/Src/bmp3.o
 .text.compensate_temperature
                0x00000000080043f8       0xf0 ./Core/Src/bmp3.o
 .text.compensate_pressure
                0x00000000080044e8      0x2a4 ./Core/Src/bmp3.o
 .text.pow_bmp3
                0x000000000800478c       0x48 ./Core/Src/bmp3.o
 .text.are_settings_changed
                0x00000000080047d4       0x38 ./Core/Src/bmp3.o
 .text.null_ptr_check
                0x000000000800480c       0x50 ./Core/Src/bmp3.o
 .text.get_sensor_status
                0x000000000800485c       0xac ./Core/Src/bmp3.o
 .text.get_int_status
                0x0000000008004908       0x6e ./Core/Src/bmp3.o
 .text.get_err_status
                0x0000000008004976       0x6e ./Core/Src/bmp3.o
 .text.bmp3_check_rslt
                0x00000000080049e4       0xe4 ./Core/Src/bmp390_task.o
                0x00000000080049e4                bmp3_check_rslt
 .text.bmp3_interface_init
                0x0000000008004ac8       0x80 ./Core/Src/bmp390_task.o
                0x0000000008004ac8                bmp3_interface_init
 .text.bmp3_delay_us
                0x0000000008004b48       0x32 ./Core/Src/common_porting.o
                0x0000000008004b48                bmp3_delay_us
 *fill*         0x0000000008004b7a        0x2 
 .text.UART_Printf
                0x0000000008004b7c       0x2c ./Core/Src/common_porting.o
                0x0000000008004b7c                UART_Printf
 .text.PDEBUG   0x0000000008004ba8       0x44 ./Core/Src/common_porting.o
                0x0000000008004ba8                PDEBUG
 .text.SensorAPI_I2Cx_Read
                0x0000000008004bec       0x70 ./Core/Src/common_porting.o
                0x0000000008004bec                SensorAPI_I2Cx_Read
 .text.SensorAPI_I2Cx_Write
                0x0000000008004c5c       0x80 ./Core/Src/common_porting.o
                0x0000000008004c5c                SensorAPI_I2Cx_Write
 .text.vApplicationGetIdleTaskMemory
                0x0000000008004cdc       0x30 ./Core/Src/freertos.o
                0x0000000008004cdc                vApplicationGetIdleTaskMemory
 .text.MX_FREERTOS_Init
                0x0000000008004d0c       0x38 ./Core/Src/freertos.o
                0x0000000008004d0c                MX_FREERTOS_Init
 .text.StartDefaultTask
                0x0000000008004d44       0x10 ./Core/Src/freertos.o
                0x0000000008004d44                StartDefaultTask
 .text.MX_GPIO_Init
                0x0000000008004d54       0x88 ./Core/Src/gpio.o
                0x0000000008004d54                MX_GPIO_Init
 .text.MX_I2C1_Init
                0x0000000008004ddc       0x80 ./Core/Src/i2c.o
                0x0000000008004ddc                MX_I2C1_Init
 .text.HAL_I2C_MspInit
                0x0000000008004e5c       0x88 ./Core/Src/i2c.o
                0x0000000008004e5c                HAL_I2C_MspInit
 .text.main     0x0000000008004ee4      0x23c ./Core/Src/main.o
                0x0000000008004ee4                main
 .text.SystemClock_Config
                0x0000000008005120       0xec ./Core/Src/main.o
                0x0000000008005120                SystemClock_Config
 .text.Error_Handler
                0x000000000800520c        0xa ./Core/Src/main.o
                0x000000000800520c                Error_Handler
 *fill*         0x0000000008005216        0x2 
 .text.HAL_MspInit
                0x0000000008005218       0x38 ./Core/Src/stm32l0xx_hal_msp.o
                0x0000000008005218                HAL_MspInit
 .text.NMI_Handler
                0x0000000008005250        0x6 ./Core/Src/stm32l0xx_it.o
                0x0000000008005250                NMI_Handler
 .text.HardFault_Handler
                0x0000000008005256        0x6 ./Core/Src/stm32l0xx_it.o
                0x0000000008005256                HardFault_Handler
 .text.SysTick_Handler
                0x000000000800525c       0x1c ./Core/Src/stm32l0xx_it.o
                0x000000000800525c                SysTick_Handler
 .text._sbrk    0x0000000008005278       0x6c ./Core/Src/sysmem.o
                0x0000000008005278                _sbrk
 .text.SystemInit
                0x00000000080052e4        0xa ./Core/Src/system_stm32l0xx.o
                0x00000000080052e4                SystemInit
 *fill*         0x00000000080052ee        0x2 
 .text.MX_LPUART1_UART_Init
                0x00000000080052f0       0x5c ./Core/Src/usart.o
                0x00000000080052f0                MX_LPUART1_UART_Init
 .text.HAL_UART_MspInit
                0x000000000800534c       0x88 ./Core/Src/usart.o
                0x000000000800534c                HAL_UART_MspInit
 .text.Reset_Handler
                0x00000000080053d4       0x80 ./Core/Startup/startup_stm32l010rbtx.o
                0x00000000080053d4                Reset_Handler
 .text.Default_Handler
                0x0000000008005454        0x2 ./Core/Startup/startup_stm32l010rbtx.o
                0x0000000008005454                I2C1_IRQHandler
                0x0000000008005454                SPI1_IRQHandler
                0x0000000008005454                EXTI2_3_IRQHandler
                0x0000000008005454                ADC1_IRQHandler
                0x0000000008005454                RTC_IRQHandler
                0x0000000008005454                DMA1_Channel4_5_6_7_IRQHandler
                0x0000000008005454                EXTI4_15_IRQHandler
                0x0000000008005454                RCC_IRQHandler
                0x0000000008005454                DMA1_Channel1_IRQHandler
                0x0000000008005454                Default_Handler
                0x0000000008005454                TIM22_IRQHandler
                0x0000000008005454                EXTI0_1_IRQHandler
                0x0000000008005454                TIM21_IRQHandler
                0x0000000008005454                WWDG_IRQHandler
                0x0000000008005454                LPUART1_IRQHandler
                0x0000000008005454                TIM2_IRQHandler
                0x0000000008005454                DMA1_Channel2_3_IRQHandler
                0x0000000008005454                USART2_IRQHandler
                0x0000000008005454                FLASH_IRQHandler
                0x0000000008005454                LPTIM1_IRQHandler
 *fill*         0x0000000008005456        0x2 
 .text.HAL_Init
                0x0000000008005458       0x40 ./Drivers/STM32L0xx_HAL_Driver/stm32l0xx_hal.o
                0x0000000008005458                HAL_Init
 .text.HAL_InitTick
                0x0000000008005498       0x68 ./Drivers/STM32L0xx_HAL_Driver/stm32l0xx_hal.o
                0x0000000008005498                HAL_InitTick
 .text.HAL_IncTick
                0x0000000008005500       0x24 ./Drivers/STM32L0xx_HAL_Driver/stm32l0xx_hal.o
                0x0000000008005500                HAL_IncTick
 .text.HAL_GetTick
                0x0000000008005524       0x14 ./Drivers/STM32L0xx_HAL_Driver/stm32l0xx_hal.o
                0x0000000008005524                HAL_GetTick
 .text.HAL_Delay
                0x0000000008005538       0x48 ./Drivers/STM32L0xx_HAL_Driver/stm32l0xx_hal.o
                0x0000000008005538                HAL_Delay
 .text.__NVIC_SetPriority
                0x0000000008005580       0xdc ./Drivers/STM32L0xx_HAL_Driver/stm32l0xx_hal_cortex.o
 .text.SysTick_Config
                0x000000000800565c       0x48 ./Drivers/STM32L0xx_HAL_Driver/stm32l0xx_hal_cortex.o
 .text.HAL_NVIC_SetPriority
                0x00000000080056a4       0x2a ./Drivers/STM32L0xx_HAL_Driver/stm32l0xx_hal_cortex.o
                0x00000000080056a4                HAL_NVIC_SetPriority
 .text.HAL_SYSTICK_Config
                0x00000000080056ce       0x1a ./Drivers/STM32L0xx_HAL_Driver/stm32l0xx_hal_cortex.o
                0x00000000080056ce                HAL_SYSTICK_Config
 .text.HAL_GPIO_Init
                0x00000000080056e8      0x2fc ./Drivers/STM32L0xx_HAL_Driver/stm32l0xx_hal_gpio.o
                0x00000000080056e8                HAL_GPIO_Init
 .text.HAL_GPIO_WritePin
                0x00000000080059e4       0x3a ./Drivers/STM32L0xx_HAL_Driver/stm32l0xx_hal_gpio.o
                0x00000000080059e4                HAL_GPIO_WritePin
 .text.HAL_GPIO_TogglePin
                0x0000000008005a1e       0x36 ./Drivers/STM32L0xx_HAL_Driver/stm32l0xx_hal_gpio.o
                0x0000000008005a1e                HAL_GPIO_TogglePin
 .text.HAL_I2C_Init
                0x0000000008005a54      0x12c ./Drivers/STM32L0xx_HAL_Driver/stm32l0xx_hal_i2c.o
                0x0000000008005a54                HAL_I2C_Init
 .text.HAL_I2C_Master_Transmit
                0x0000000008005b80      0x210 ./Drivers/STM32L0xx_HAL_Driver/stm32l0xx_hal_i2c.o
                0x0000000008005b80                HAL_I2C_Master_Transmit
 .text.HAL_I2C_Master_Receive
                0x0000000008005d90      0x210 ./Drivers/STM32L0xx_HAL_Driver/stm32l0xx_hal_i2c.o
                0x0000000008005d90                HAL_I2C_Master_Receive
 .text.I2C_Flush_TXDR
                0x0000000008005fa0       0x44 ./Drivers/STM32L0xx_HAL_Driver/stm32l0xx_hal_i2c.o
 .text.I2C_WaitOnFlagUntilTimeout
                0x0000000008005fe4       0x9c ./Drivers/STM32L0xx_HAL_Driver/stm32l0xx_hal_i2c.o
 .text.I2C_WaitOnTXISFlagUntilTimeout
                0x0000000008006080       0x8c ./Drivers/STM32L0xx_HAL_Driver/stm32l0xx_hal_i2c.o
 .text.I2C_WaitOnSTOPFlagUntilTimeout
                0x000000000800610c       0x86 ./Drivers/STM32L0xx_HAL_Driver/stm32l0xx_hal_i2c.o
 *fill*         0x0000000008006192        0x2 
 .text.I2C_WaitOnRXNEFlagUntilTimeout
                0x0000000008006194      0x104 ./Drivers/STM32L0xx_HAL_Driver/stm32l0xx_hal_i2c.o
 .text.I2C_IsErrorOccurred
                0x0000000008006298      0x200 ./Drivers/STM32L0xx_HAL_Driver/stm32l0xx_hal_i2c.o
 .text.I2C_TransferConfig
                0x0000000008006498       0x74 ./Drivers/STM32L0xx_HAL_Driver/stm32l0xx_hal_i2c.o
 .text.HAL_I2CEx_ConfigAnalogFilter
                0x000000000800650c       0x98 ./Drivers/STM32L0xx_HAL_Driver/stm32l0xx_hal_i2c_ex.o
                0x000000000800650c                HAL_I2CEx_ConfigAnalogFilter
 .text.HAL_I2CEx_ConfigDigitalFilter
                0x00000000080065a4       0x98 ./Drivers/STM32L0xx_HAL_Driver/stm32l0xx_hal_i2c_ex.o
                0x00000000080065a4                HAL_I2CEx_ConfigDigitalFilter
 .text.HAL_RCC_OscConfig
                0x000000000800663c      0x6f8 ./Drivers/STM32L0xx_HAL_Driver/stm32l0xx_hal_rcc.o
                0x000000000800663c                HAL_RCC_OscConfig
 .text.HAL_RCC_ClockConfig
                0x0000000008006d34      0x290 ./Drivers/STM32L0xx_HAL_Driver/stm32l0xx_hal_rcc.o
                0x0000000008006d34                HAL_RCC_ClockConfig
 .text.HAL_RCC_GetSysClockFreq
                0x0000000008006fc4      0x14c ./Drivers/STM32L0xx_HAL_Driver/stm32l0xx_hal_rcc.o
                0x0000000008006fc4                HAL_RCC_GetSysClockFreq
 .text.HAL_RCC_GetHCLKFreq
                0x0000000008007110       0x14 ./Drivers/STM32L0xx_HAL_Driver/stm32l0xx_hal_rcc.o
                0x0000000008007110                HAL_RCC_GetHCLKFreq
 .text.HAL_RCC_GetPCLK1Freq
                0x0000000008007124       0x2c ./Drivers/STM32L0xx_HAL_Driver/stm32l0xx_hal_rcc.o
                0x0000000008007124                HAL_RCC_GetPCLK1Freq
 .text.HAL_RCC_GetPCLK2Freq
                0x0000000008007150       0x2c ./Drivers/STM32L0xx_HAL_Driver/stm32l0xx_hal_rcc.o
                0x0000000008007150                HAL_RCC_GetPCLK2Freq
 .text.HAL_RCCEx_PeriphCLKConfig
                0x000000000800717c      0x258 ./Drivers/STM32L0xx_HAL_Driver/stm32l0xx_hal_rcc_ex.o
                0x000000000800717c                HAL_RCCEx_PeriphCLKConfig
 .text.HAL_UART_Init
                0x00000000080073d4       0xa8 ./Drivers/STM32L0xx_HAL_Driver/stm32l0xx_hal_uart.o
                0x00000000080073d4                HAL_UART_Init
 .text.HAL_UART_Transmit
                0x000000000800747c      0x13e ./Drivers/STM32L0xx_HAL_Driver/stm32l0xx_hal_uart.o
                0x000000000800747c                HAL_UART_Transmit
 *fill*         0x00000000080075ba        0x2 
 .text.UART_SetConfig
                0x00000000080075bc      0x494 ./Drivers/STM32L0xx_HAL_Driver/stm32l0xx_hal_uart.o
                0x00000000080075bc                UART_SetConfig
 .text.UART_AdvFeatureConfig
                0x0000000008007a50      0x168 ./Drivers/STM32L0xx_HAL_Driver/stm32l0xx_hal_uart.o
                0x0000000008007a50                UART_AdvFeatureConfig
 .text.UART_CheckIdleState
                0x0000000008007bb8      0x150 ./Drivers/STM32L0xx_HAL_Driver/stm32l0xx_hal_uart.o
                0x0000000008007bb8                UART_CheckIdleState
 .text.UART_WaitOnFlagUntilTimeout
                0x0000000008007d08       0xd2 ./Drivers/STM32L0xx_HAL_Driver/stm32l0xx_hal_uart.o
                0x0000000008007d08                UART_WaitOnFlagUntilTimeout
 *fill*         0x0000000008007dda        0x2 
 .text.UART_EndRxTransfer
                0x0000000008007ddc       0xc8 ./Drivers/STM32L0xx_HAL_Driver/stm32l0xx_hal_uart.o
 .text.makeFreeRtosPriority
                0x0000000008007ea4       0x32 ./Middlewares/FreeRTOS/cmsis_os.o
 .text.osKernelStart
                0x0000000008007ed6       0x10 ./Middlewares/FreeRTOS/cmsis_os.o
                0x0000000008007ed6                osKernelStart
 .text.osThreadCreate
                0x0000000008007ee6       0x9a ./Middlewares/FreeRTOS/cmsis_os.o
                0x0000000008007ee6                osThreadCreate
 .text.osDelay  0x0000000008007f80       0x28 ./Middlewares/FreeRTOS/cmsis_os.o
                0x0000000008007f80                osDelay
 .text.pvPortMalloc
                0x0000000008007fa8      0x14c ./Middlewares/FreeRTOS/heap_4.o
                0x0000000008007fa8                pvPortMalloc
 .text.vPortFree
                0x00000000080080f4       0x90 ./Middlewares/FreeRTOS/heap_4.o
                0x00000000080080f4                vPortFree
 .text.prvHeapInit
                0x0000000008008184       0xc0 ./Middlewares/FreeRTOS/heap_4.o
 .text.prvInsertBlockIntoFreeList
                0x0000000008008244       0xb0 ./Middlewares/FreeRTOS/heap_4.o
 .text.vListInitialise
                0x00000000080082f4       0x3c ./Middlewares/FreeRTOS/list.o
                0x00000000080082f4                vListInitialise
 .text.vListInitialiseItem
                0x0000000008008330       0x16 ./Middlewares/FreeRTOS/list.o
                0x0000000008008330                vListInitialiseItem
 .text.vListInsertEnd
                0x0000000008008346       0x44 ./Middlewares/FreeRTOS/list.o
                0x0000000008008346                vListInsertEnd
 .text.vListInsert
                0x000000000800838a       0x6c ./Middlewares/FreeRTOS/list.o
                0x000000000800838a                vListInsert
 .text.uxListRemove
                0x00000000080083f6       0x50 ./Middlewares/FreeRTOS/list.o
                0x00000000080083f6                uxListRemove
 *fill*         0x0000000008008446        0x2 
 .text.pxPortInitialiseStack
                0x0000000008008448       0x54 ./Middlewares/FreeRTOS/port.o
                0x0000000008008448                pxPortInitialiseStack
 .text.prvTaskExitError
                0x000000000800849c       0x30 ./Middlewares/FreeRTOS/port.o
 .text.SVC_Handler
                0x00000000080084cc        0xa ./Middlewares/FreeRTOS/port.o
                0x00000000080084cc                SVC_Handler
 *fill*         0x00000000080084d6        0xa 
 .text.vPortStartFirstTask
                0x00000000080084e0       0x38 ./Middlewares/FreeRTOS/port.o
 .text.xPortStartScheduler
                0x0000000008008518       0x48 ./Middlewares/FreeRTOS/port.o
                0x0000000008008518                xPortStartScheduler
 .text.vPortYield
                0x0000000008008560       0x20 ./Middlewares/FreeRTOS/port.o
                0x0000000008008560                vPortYield
 .text.vPortEnterCritical
                0x0000000008008580       0x24 ./Middlewares/FreeRTOS/port.o
                0x0000000008008580                vPortEnterCritical
 .text.vPortExitCritical
                0x00000000080085a4       0x30 ./Middlewares/FreeRTOS/port.o
                0x00000000080085a4                vPortExitCritical
 .text.ulSetInterruptMaskFromISR
                0x00000000080085d4        0xc ./Middlewares/FreeRTOS/port.o
                0x00000000080085d4                ulSetInterruptMaskFromISR
 .text.vClearInterruptMaskFromISR
                0x00000000080085e0        0x8 ./Middlewares/FreeRTOS/port.o
                0x00000000080085e0                vClearInterruptMaskFromISR
 *fill*         0x00000000080085e8        0x8 
 .text.PendSV_Handler
                0x00000000080085f0       0x48 ./Middlewares/FreeRTOS/port.o
                0x00000000080085f0                PendSV_Handler
 .text.xPortSysTickHandler
                0x0000000008008638       0x34 ./Middlewares/FreeRTOS/port.o
                0x0000000008008638                xPortSysTickHandler
 .text.prvSetupTimerInterrupt
                0x000000000800866c       0x44 ./Middlewares/FreeRTOS/port.o
 .text.xTaskCreateStatic
                0x00000000080086b0       0x88 ./Middlewares/FreeRTOS/tasks.o
                0x00000000080086b0                xTaskCreateStatic
 .text.xTaskCreate
                0x0000000008008738       0x98 ./Middlewares/FreeRTOS/tasks.o
                0x0000000008008738                xTaskCreate
 .text.prvInitialiseNewTask
                0x00000000080087d0      0x104 ./Middlewares/FreeRTOS/tasks.o
 .text.prvAddNewTaskToReadyList
                0x00000000080088d4       0xc8 ./Middlewares/FreeRTOS/tasks.o
 .text.vTaskDelay
                0x000000000800899c       0x4c ./Middlewares/FreeRTOS/tasks.o
                0x000000000800899c                vTaskDelay
 .text.vTaskStartScheduler
                0x00000000080089e8       0x9c ./Middlewares/FreeRTOS/tasks.o
                0x00000000080089e8                vTaskStartScheduler
 .text.vTaskSuspendAll
                0x0000000008008a84       0x18 ./Middlewares/FreeRTOS/tasks.o
                0x0000000008008a84                vTaskSuspendAll
 .text.xTaskResumeAll
                0x0000000008008a9c      0x118 ./Middlewares/FreeRTOS/tasks.o
                0x0000000008008a9c                xTaskResumeAll
 .text.xTaskIncrementTick
                0x0000000008008bb4      0x160 ./Middlewares/FreeRTOS/tasks.o
                0x0000000008008bb4                xTaskIncrementTick
 .text.vTaskSwitchContext
                0x0000000008008d14       0xa4 ./Middlewares/FreeRTOS/tasks.o
                0x0000000008008d14                vTaskSwitchContext
 .text.prvIdleTask
                0x0000000008008db8       0x20 ./Middlewares/FreeRTOS/tasks.o
 .text.prvInitialiseTaskLists
                0x0000000008008dd8       0x88 ./Middlewares/FreeRTOS/tasks.o
 .text.prvCheckTasksWaitingTermination
                0x0000000008008e60       0x5c ./Middlewares/FreeRTOS/tasks.o
 .text.prvDeleteTCB
                0x0000000008008ebc       0x50 ./Middlewares/FreeRTOS/tasks.o
 .text.prvResetNextTaskUnblockTime
                0x0000000008008f0c       0x3c ./Middlewares/FreeRTOS/tasks.o
 .text.xTaskGetSchedulerState
                0x0000000008008f48       0x38 ./Middlewares/FreeRTOS/tasks.o
                0x0000000008008f48                xTaskGetSchedulerState
 .text.prvAddCurrentTaskToDelayedList
                0x0000000008008f80       0xa8 ./Middlewares/FreeRTOS/tasks.o
 .text.__errno  0x0000000008009028        0xc /opt/st/stm32cubeide_1.12.0/plugins/com.st.stm32cube.ide.mcu.externaltools.gnu-tools-for-stm32.10.3-2021.10.linux64_1.0.200.202301161003/tools/bin/../lib/gcc/arm-none-eabi/10.3.1/../../../../arm-none-eabi/lib/thumb/v6-m/nofp/libc_nano.a(lib_a-errno.o)
                0x0000000008009028                __errno
 .text.__libc_init_array
                0x0000000008009034       0x48 /opt/st/stm32cubeide_1.12.0/plugins/com.st.stm32cube.ide.mcu.externaltools.gnu-tools-for-stm32.10.3-2021.10.linux64_1.0.200.202301161003/tools/bin/../lib/gcc/arm-none-eabi/10.3.1/../../../../arm-none-eabi/lib/thumb/v6-m/nofp/libc_nano.a(lib_a-init.o)
                0x0000000008009034                __libc_init_array
 .text.memcpy   0x000000000800907c       0x12 /opt/st/stm32cubeide_1.12.0/plugins/com.st.stm32cube.ide.mcu.externaltools.gnu-tools-for-stm32.10.3-2021.10.linux64_1.0.200.202301161003/tools/bin/../lib/gcc/arm-none-eabi/10.3.1/../../../../arm-none-eabi/lib/thumb/v6-m/nofp/libc_nano.a(lib_a-memcpy-stub.o)
                0x000000000800907c                memcpy
 .text.memset   0x000000000800908e       0x10 /opt/st/stm32cubeide_1.12.0/plugins/com.st.stm32cube.ide.mcu.externaltools.gnu-tools-for-stm32.10.3-2021.10.linux64_1.0.200.202301161003/tools/bin/../lib/gcc/arm-none-eabi/10.3.1/../../../../arm-none-eabi/lib/thumb/v6-m/nofp/libc_nano.a(lib_a-memset.o)
                0x000000000800908e                memset
 .text._vsnprintf_r
                0x000000000800909e       0x56 /opt/st/stm32cubeide_1.12.0/plugins/com.st.stm32cube.ide.mcu.externaltools.gnu-tools-for-stm32.10.3-2021.10.linux64_1.0.200.202301161003/tools/bin/../lib/gcc/arm-none-eabi/10.3.1/../../../../arm-none-eabi/lib/thumb/v6-m/nofp/libc_nano.a(lib_a-vsnprintf.o)
                0x000000000800909e                _vsnprintf_r
                0x000000000800909e                _vsniprintf_r
 .text.vsnprintf
                0x00000000080090f4       0x18 /opt/st/stm32cubeide_1.12.0/plugins/com.st.stm32cube.ide.mcu.externaltools.gnu-tools-for-stm32.10.3-2021.10.linux64_1.0.200.202301161003/tools/bin/../lib/gcc/arm-none-eabi/10.3.1/../../../../arm-none-eabi/lib/thumb/v6-m/nofp/libc_nano.a(lib_a-vsnprintf.o)
                0x00000000080090f4                vsnprintf
                0x00000000080090f4                vsniprintf
 .text.__ssputs_r
                0x000000000800910c       0xc4 /opt/st/stm32cubeide_1.12.0/plugins/com.st.stm32cube.ide.mcu.externaltools.gnu-tools-for-stm32.10.3-2021.10.linux64_1.0.200.202301161003/tools/bin/../lib/gcc/arm-none-eabi/10.3.1/../../../../arm-none-eabi/lib/thumb/v6-m/nofp/libc_nano.a(lib_a-nano-svfprintf.o)
                0x000000000800910c                __ssputs_r
 .text._svfprintf_r
                0x00000000080091d0      0x200 /opt/st/stm32cubeide_1.12.0/plugins/com.st.stm32cube.ide.mcu.externaltools.gnu-tools-for-stm32.10.3-2021.10.linux64_1.0.200.202301161003/tools/bin/../lib/gcc/arm-none-eabi/10.3.1/../../../../arm-none-eabi/lib/thumb/v6-m/nofp/libc_nano.a(lib_a-nano-svfprintf.o)
                0x00000000080091d0                _svfprintf_r
                0x00000000080091d0                _svfiprintf_r
 .text._printf_common
                0x00000000080093d0       0xde /opt/st/stm32cubeide_1.12.0/plugins/com.st.stm32cube.ide.mcu.externaltools.gnu-tools-for-stm32.10.3-2021.10.linux64_1.0.200.202301161003/tools/bin/../lib/gcc/arm-none-eabi/10.3.1/../../../../arm-none-eabi/lib/thumb/v6-m/nofp/libc_nano.a(lib_a-nano-vfprintf_i.o)
                0x00000000080093d0                _printf_common
 *fill*         0x00000000080094ae        0x2 
 .text._printf_i
                0x00000000080094b0      0x224 /opt/st/stm32cubeide_1.12.0/plugins/com.st.stm32cube.ide.mcu.externaltools.gnu-tools-for-stm32.10.3-2021.10.linux64_1.0.200.202301161003/tools/bin/../lib/gcc/arm-none-eabi/10.3.1/../../../../arm-none-eabi/lib/thumb/v6-m/nofp/libc_nano.a(lib_a-nano-vfprintf_i.o)
                0x00000000080094b0                _printf_i
 .text.memchr   0x00000000080096d4       0x16 /opt/st/stm32cubeide_1.12.0/plugins/com.st.stm32cube.ide.mcu.externaltools.gnu-tools-for-stm32.10.3-2021.10.linux64_1.0.200.202301161003/tools/bin/../lib/gcc/arm-none-eabi/10.3.1/../../../../arm-none-eabi/lib/thumb/v6-m/nofp/libc_nano.a(lib_a-memchr-stub.o)
                0x00000000080096d4                memchr
 .text.memmove  0x00000000080096ea       0x26 /opt/st/stm32cubeide_1.12.0/plugins/com.st.stm32cube.ide.mcu.externaltools.gnu-tools-for-stm32.10.3-2021.10.linux64_1.0.200.202301161003/tools/bin/../lib/gcc/arm-none-eabi/10.3.1/../../../../arm-none-eabi/lib/thumb/v6-m/nofp/libc_nano.a(lib_a-memmove.o)
                0x00000000080096ea                memmove
 .text._free_r  0x0000000008009710       0x94 /opt/st/stm32cubeide_1.12.0/plugins/com.st.stm32cube.ide.mcu.externaltools.gnu-tools-for-stm32.10.3-2021.10.linux64_1.0.200.202301161003/tools/bin/../lib/gcc/arm-none-eabi/10.3.1/../../../../arm-none-eabi/lib/thumb/v6-m/nofp/libc_nano.a(lib_a-nano-freer.o)
                0x0000000008009710                _free_r
 .text.sbrk_aligned
                0x00000000080097a4       0x44 /opt/st/stm32cubeide_1.12.0/plugins/com.st.stm32cube.ide.mcu.externaltools.gnu-tools-for-stm32.10.3-2021.10.linux64_1.0.200.202301161003/tools/bin/../lib/gcc/arm-none-eabi/10.3.1/../../../../arm-none-eabi/lib/thumb/v6-m/nofp/libc_nano.a(lib_a-nano-mallocr.o)
 .text._malloc_r
                0x00000000080097e8       0xec /opt/st/stm32cubeide_1.12.0/plugins/com.st.stm32cube.ide.mcu.externaltools.gnu-tools-for-stm32.10.3-2021.10.linux64_1.0.200.202301161003/tools/bin/../lib/gcc/arm-none-eabi/10.3.1/../../../../arm-none-eabi/lib/thumb/v6-m/nofp/libc_nano.a(lib_a-nano-mallocr.o)
                0x00000000080097e8                _malloc_r
 .text._realloc_r
                0x00000000080098d4       0x5e /opt/st/stm32cubeide_1.12.0/plugins/com.st.stm32cube.ide.mcu.externaltools.gnu-tools-for-stm32.10.3-2021.10.linux64_1.0.200.202301161003/tools/bin/../lib/gcc/arm-none-eabi/10.3.1/../../../../arm-none-eabi/lib/thumb/v6-m/nofp/libc_nano.a(lib_a-nano-reallocr.o)
                0x00000000080098d4                _realloc_r
 *fill*         0x0000000008009932        0x2 
 .text._sbrk_r  0x0000000008009934       0x24 /opt/st/stm32cubeide_1.12.0/plugins/com.st.stm32cube.ide.mcu.externaltools.gnu-tools-for-stm32.10.3-2021.10.linux64_1.0.200.202301161003/tools/bin/../lib/gcc/arm-none-eabi/10.3.1/../../../../arm-none-eabi/lib/thumb/v6-m/nofp/libc_nano.a(lib_a-sbrkr.o)
                0x0000000008009934                _sbrk_r
 .text.__malloc_lock
                0x0000000008009958       0x10 /opt/st/stm32cubeide_1.12.0/plugins/com.st.stm32cube.ide.mcu.externaltools.gnu-tools-for-stm32.10.3-2021.10.linux64_1.0.200.202301161003/tools/bin/../lib/gcc/arm-none-eabi/10.3.1/../../../../arm-none-eabi/lib/thumb/v6-m/nofp/libc_nano.a(lib_a-mlock.o)
                0x0000000008009958                __malloc_lock
 .text.__malloc_unlock
                0x0000000008009968       0x10 /opt/st/stm32cubeide_1.12.0/plugins/com.st.stm32cube.ide.mcu.externaltools.gnu-tools-for-stm32.10.3-2021.10.linux64_1.0.200.202301161003/tools/bin/../lib/gcc/arm-none-eabi/10.3.1/../../../../arm-none-eabi/lib/thumb/v6-m/nofp/libc_nano.a(lib_a-mlock.o)
                0x0000000008009968                __malloc_unlock
 .text._malloc_usable_size_r
                0x0000000008009978       0x10 /opt/st/stm32cubeide_1.12.0/plugins/com.st.stm32cube.ide.mcu.externaltools.gnu-tools-for-stm32.10.3-2021.10.linux64_1.0.200.202301161003/tools/bin/../lib/gcc/arm-none-eabi/10.3.1/../../../../arm-none-eabi/lib/thumb/v6-m/nofp/libc_nano.a(lib_a-nano-msizer.o)
                0x0000000008009978                _malloc_usable_size_r
 .text.__retarget_lock_acquire_recursive
                0x0000000008009988        0x2 /opt/st/stm32cubeide_1.12.0/plugins/com.st.stm32cube.ide.mcu.externaltools.gnu-tools-for-stm32.10.3-2021.10.linux64_1.0.200.202301161003/tools/bin/../lib/gcc/arm-none-eabi/10.3.1/../../../../arm-none-eabi/lib/thumb/v6-m/nofp/libc_nano.a(lib_a-lock.o)
                0x0000000008009988                __retarget_lock_acquire_recursive
 .text.__retarget_lock_release_recursive
                0x000000000800998a        0x2 /opt/st/stm32cubeide_1.12.0/plugins/com.st.stm32cube.ide.mcu.externaltools.gnu-tools-for-stm32.10.3-2021.10.linux64_1.0.200.202301161003/tools/bin/../lib/gcc/arm-none-eabi/10.3.1/../../../../arm-none-eabi/lib/thumb/v6-m/nofp/libc_nano.a(lib_a-lock.o)
                0x000000000800998a                __retarget_lock_release_recursive
 *(.glue_7)
 .glue_7        0x000000000800998c        0x0 linker stubs
 *(.glue_7t)
 .glue_7t       0x000000000800998c        0x0 linker stubs
 *(.eh_frame)
 .eh_frame      0x000000000800998c        0x0 /opt/st/stm32cubeide_1.12.0/plugins/com.st.stm32cube.ide.mcu.externaltools.gnu-tools-for-stm32.10.3-2021.10.linux64_1.0.200.202301161003/tools/bin/../lib/gcc/arm-none-eabi/10.3.1/thumb/v6-m/nofp/crtbegin.o
 *(.init)
 .init          0x000000000800998c        0x4 /opt/st/stm32cubeide_1.12.0/plugins/com.st.stm32cube.ide.mcu.externaltools.gnu-tools-for-stm32.10.3-2021.10.linux64_1.0.200.202301161003/tools/bin/../lib/gcc/arm-none-eabi/10.3.1/thumb/v6-m/nofp/crti.o
                0x000000000800998c                _init
 .init          0x0000000008009990        0x8 /opt/st/stm32cubeide_1.12.0/plugins/com.st.stm32cube.ide.mcu.externaltools.gnu-tools-for-stm32.10.3-2021.10.linux64_1.0.200.202301161003/tools/bin/../lib/gcc/arm-none-eabi/10.3.1/thumb/v6-m/nofp/crtn.o
 *(.fini)
 .fini          0x0000000008009998        0x4 /opt/st/stm32cubeide_1.12.0/plugins/com.st.stm32cube.ide.mcu.externaltools.gnu-tools-for-stm32.10.3-2021.10.linux64_1.0.200.202301161003/tools/bin/../lib/gcc/arm-none-eabi/10.3.1/thumb/v6-m/nofp/crti.o
                0x0000000008009998                _fini
 .fini          0x000000000800999c        0x8 /opt/st/stm32cubeide_1.12.0/plugins/com.st.stm32cube.ide.mcu.externaltools.gnu-tools-for-stm32.10.3-2021.10.linux64_1.0.200.202301161003/tools/bin/../lib/gcc/arm-none-eabi/10.3.1/thumb/v6-m/nofp/crtn.o
                0x00000000080099a4                . = ALIGN (0x4)
                0x00000000080099a4                _etext = .

.vfp11_veneer   0x00000000080099a4        0x0
 .vfp11_veneer  0x00000000080099a4        0x0 linker stubs

.v4_bx          0x00000000080099a4        0x0
 .v4_bx         0x00000000080099a4        0x0 linker stubs

.iplt           0x00000000080099a4        0x0
 .iplt          0x00000000080099a4        0x0 /opt/st/stm32cubeide_1.12.0/plugins/com.st.stm32cube.ide.mcu.externaltools.gnu-tools-for-stm32.10.3-2021.10.linux64_1.0.200.202301161003/tools/bin/../lib/gcc/arm-none-eabi/10.3.1/thumb/v6-m/nofp/crtbegin.o

.rodata         0x00000000080099a4      0x4d0
                0x00000000080099a4                . = ALIGN (0x4)
 *(.rodata)
 .rodata        0x00000000080099a4       0x4c ./Core/Src/bmp3.o
 .rodata        0x00000000080099f0      0x241 ./Core/Src/bmp390_task.o
 *fill*         0x0000000008009c31        0x3 
 .rodata        0x0000000008009c34       0x28 ./Core/Src/freertos.o
 .rodata        0x0000000008009c5c       0x87 ./Core/Src/main.o
 *fill*         0x0000000008009ce3        0x1 
 .rodata        0x0000000008009ce4        0x5 ./Middlewares/FreeRTOS/tasks.o
 *fill*         0x0000000008009ce9        0x3 
 .rodata        0x0000000008009cec       0x40 /opt/st/stm32cubeide_1.12.0/plugins/com.st.stm32cube.ide.mcu.externaltools.gnu-tools-for-stm32.10.3-2021.10.linux64_1.0.200.202301161003/tools/bin/../lib/gcc/arm-none-eabi/10.3.1/thumb/v6-m/nofp/libgcc.a(mulsf3.o)
 .rodata        0x0000000008009d2c       0x40 /opt/st/stm32cubeide_1.12.0/plugins/com.st.stm32cube.ide.mcu.externaltools.gnu-tools-for-stm32.10.3-2021.10.linux64_1.0.200.202301161003/tools/bin/../lib/gcc/arm-none-eabi/10.3.1/thumb/v6-m/nofp/libgcc.a(divdf3.o)
 .rodata        0x0000000008009d6c       0x40 /opt/st/stm32cubeide_1.12.0/plugins/com.st.stm32cube.ide.mcu.externaltools.gnu-tools-for-stm32.10.3-2021.10.linux64_1.0.200.202301161003/tools/bin/../lib/gcc/arm-none-eabi/10.3.1/thumb/v6-m/nofp/libgcc.a(muldf3.o)
 *(.rodata*)
 .rodata.bmp3_check_rslt
                0x0000000008009dac       0x28 ./Core/Src/bmp390_task.o
 .rodata.AHBPrescTable
                0x0000000008009dd4       0x10 ./Core/Src/system_stm32l0xx.o
                0x0000000008009dd4                AHBPrescTable
 .rodata.APBPrescTable
                0x0000000008009de4        0x8 ./Core/Src/system_stm32l0xx.o
                0x0000000008009de4                APBPrescTable
 .rodata.PLLMulTable
                0x0000000008009dec        0x9 ./Core/Src/system_stm32l0xx.o
                0x0000000008009dec                PLLMulTable
 *fill*         0x0000000008009df5        0x3 
 .rodata.UART_SetConfig
                0x0000000008009df8       0x48 ./Drivers/STM32L0xx_HAL_Driver/stm32l0xx_hal_uart.o
 .rodata._svfprintf_r.str1.1
                0x0000000008009e40       0x11 /opt/st/stm32cubeide_1.12.0/plugins/com.st.stm32cube.ide.mcu.externaltools.gnu-tools-for-stm32.10.3-2021.10.linux64_1.0.200.202301161003/tools/bin/../lib/gcc/arm-none-eabi/10.3.1/../../../../arm-none-eabi/lib/thumb/v6-m/nofp/libc_nano.a(lib_a-nano-svfprintf.o)
 .rodata._printf_i.str1.1
                0x0000000008009e51       0x22 /opt/st/stm32cubeide_1.12.0/plugins/com.st.stm32cube.ide.mcu.externaltools.gnu-tools-for-stm32.10.3-2021.10.linux64_1.0.200.202301161003/tools/bin/../lib/gcc/arm-none-eabi/10.3.1/../../../../arm-none-eabi/lib/thumb/v6-m/nofp/libc_nano.a(lib_a-nano-vfprintf_i.o)
                0x0000000008009e74                . = ALIGN (0x4)
 *fill*         0x0000000008009e73        0x1 

.ARM.extab      0x0000000008009e74        0x0
                0x0000000008009e74                . = ALIGN (0x4)
 *(.ARM.extab* .gnu.linkonce.armextab.*)
                0x0000000008009e74                . = ALIGN (0x4)

.ARM            0x0000000008009e74        0x8
                0x0000000008009e74                . = ALIGN (0x4)
                0x0000000008009e74                __exidx_start = .
 *(.ARM.exidx*)
 .ARM.exidx     0x0000000008009e74        0x8 /opt/st/stm32cubeide_1.12.0/plugins/com.st.stm32cube.ide.mcu.externaltools.gnu-tools-for-stm32.10.3-2021.10.linux64_1.0.200.202301161003/tools/bin/../lib/gcc/arm-none-eabi/10.3.1/thumb/v6-m/nofp/libgcc.a(_udivmoddi4.o)
                0x0000000008009e7c                __exidx_end = .
                0x0000000008009e7c                . = ALIGN (0x4)

.rel.dyn        0x0000000008009e7c        0x0
 .rel.iplt      0x0000000008009e7c        0x0 /opt/st/stm32cubeide_1.12.0/plugins/com.st.stm32cube.ide.mcu.externaltools.gnu-tools-for-stm32.10.3-2021.10.linux64_1.0.200.202301161003/tools/bin/../lib/gcc/arm-none-eabi/10.3.1/thumb/v6-m/nofp/crtbegin.o

.preinit_array  0x0000000008009e7c        0x0
                0x0000000008009e7c                . = ALIGN (0x4)
                0x0000000008009e7c                PROVIDE (__preinit_array_start = .)
 *(.preinit_array*)
                0x0000000008009e7c                PROVIDE (__preinit_array_end = .)
                0x0000000008009e7c                . = ALIGN (0x4)

.init_array     0x0000000008009e7c        0x4
                0x0000000008009e7c                . = ALIGN (0x4)
                0x0000000008009e7c                PROVIDE (__init_array_start = .)
 *(SORT_BY_NAME(.init_array.*))
 *(.init_array*)
 .init_array    0x0000000008009e7c        0x4 /opt/st/stm32cubeide_1.12.0/plugins/com.st.stm32cube.ide.mcu.externaltools.gnu-tools-for-stm32.10.3-2021.10.linux64_1.0.200.202301161003/tools/bin/../lib/gcc/arm-none-eabi/10.3.1/thumb/v6-m/nofp/crtbegin.o
                0x0000000008009e80                PROVIDE (__init_array_end = .)
                0x0000000008009e80                . = ALIGN (0x4)

.fini_array     0x0000000008009e80        0x4
                0x0000000008009e80                . = ALIGN (0x4)
                [!provide]                        PROVIDE (__fini_array_start = .)
 *(SORT_BY_NAME(.fini_array.*))
 *(.fini_array*)
 .fini_array    0x0000000008009e80        0x4 /opt/st/stm32cubeide_1.12.0/plugins/com.st.stm32cube.ide.mcu.externaltools.gnu-tools-for-stm32.10.3-2021.10.linux64_1.0.200.202301161003/tools/bin/../lib/gcc/arm-none-eabi/10.3.1/thumb/v6-m/nofp/crtbegin.o
                [!provide]                        PROVIDE (__fini_array_end = .)
                0x0000000008009e84                . = ALIGN (0x4)
                0x0000000008009e84                _sidata = LOADADDR (.data)

.data           0x0000000020000000       0x74 load address 0x0000000008009e84
                0x0000000020000000                . = ALIGN (0x4)
                0x0000000020000000                _sdata = .
 *(.data)
 *(.data*)
 .data.SystemCoreClock
                0x0000000020000000        0x4 ./Core/Src/system_stm32l0xx.o
                0x0000000020000000                SystemCoreClock
 .data.uwTickPrio
                0x0000000020000004        0x4 ./Drivers/STM32L0xx_HAL_Driver/stm32l0xx_hal.o
                0x0000000020000004                uwTickPrio
 .data.uwTickFreq
                0x0000000020000008        0x1 ./Drivers/STM32L0xx_HAL_Driver/stm32l0xx_hal.o
                0x0000000020000008                uwTickFreq
 *fill*         0x0000000020000009        0x3 
 .data.uxCriticalNesting
                0x000000002000000c        0x4 ./Middlewares/FreeRTOS/port.o
 .data._impure_ptr
                0x0000000020000010        0x4 /opt/st/stm32cubeide_1.12.0/plugins/com.st.stm32cube.ide.mcu.externaltools.gnu-tools-for-stm32.10.3-2021.10.linux64_1.0.200.202301161003/tools/bin/../lib/gcc/arm-none-eabi/10.3.1/../../../../arm-none-eabi/lib/thumb/v6-m/nofp/libc_nano.a(lib_a-impure.o)
                0x0000000020000010                _impure_ptr
 .data.impure_data
                0x0000000020000014       0x60 /opt/st/stm32cubeide_1.12.0/plugins/com.st.stm32cube.ide.mcu.externaltools.gnu-tools-for-stm32.10.3-2021.10.linux64_1.0.200.202301161003/tools/bin/../lib/gcc/arm-none-eabi/10.3.1/../../../../arm-none-eabi/lib/thumb/v6-m/nofp/libc_nano.a(lib_a-impure.o)
 *(.RamFunc)
 *(.RamFunc*)
                0x0000000020000074                . = ALIGN (0x4)
                0x0000000020000074                _edata = .

.igot.plt       0x0000000020000074        0x0 load address 0x0000000008009ef8
 .igot.plt      0x0000000020000074        0x0 /opt/st/stm32cubeide_1.12.0/plugins/com.st.stm32cube.ide.mcu.externaltools.gnu-tools-for-stm32.10.3-2021.10.linux64_1.0.200.202301161003/tools/bin/../lib/gcc/arm-none-eabi/10.3.1/thumb/v6-m/nofp/crtbegin.o
                0x0000000020000074                . = ALIGN (0x4)

.bss            0x0000000020000074     0x13b0 load address 0x0000000008009ef8
                0x0000000020000074                _sbss = .
                0x0000000020000074                __bss_start__ = _sbss
 *(.bss)
 .bss           0x0000000020000074       0x1c /opt/st/stm32cubeide_1.12.0/plugins/com.st.stm32cube.ide.mcu.externaltools.gnu-tools-for-stm32.10.3-2021.10.linux64_1.0.200.202301161003/tools/bin/../lib/gcc/arm-none-eabi/10.3.1/thumb/v6-m/nofp/crtbegin.o
 *(.bss*)
 .bss.dev_addr  0x0000000020000090        0x1 ./Core/Src/bmp390_task.o
 *fill*         0x0000000020000091        0x3 
 .bss.GTXBuffer
                0x0000000020000094      0x200 ./Core/Src/common_porting.o
                0x0000000020000094                GTXBuffer
 .bss.chBuffer  0x0000000020000294      0x100 ./Core/Src/common_porting.o
                0x0000000020000294                chBuffer
 .bss.defaultTaskHandle
                0x0000000020000394        0x4 ./Core/Src/freertos.o
                0x0000000020000394                defaultTaskHandle
 .bss.xIdleTaskTCBBuffer
                0x0000000020000398       0x54 ./Core/Src/freertos.o
 .bss.xIdleStack
                0x00000000200003ec      0x200 ./Core/Src/freertos.o
 .bss.hi2c1     0x00000000200005ec       0x54 ./Core/Src/i2c.o
                0x00000000200005ec                hi2c1
 .bss.__sbrk_heap_end
                0x0000000020000640        0x4 ./Core/Src/sysmem.o
 .bss.hlpuart1  0x0000000020000644       0x88 ./Core/Src/usart.o
                0x0000000020000644                hlpuart1
 .bss.uwTick    0x00000000200006cc        0x4 ./Drivers/STM32L0xx_HAL_Driver/stm32l0xx_hal.o
                0x00000000200006cc                uwTick
 .bss.ucHeap    0x00000000200006d0      0xc00 ./Middlewares/FreeRTOS/heap_4.o
 .bss.xStart    0x00000000200012d0        0x8 ./Middlewares/FreeRTOS/heap_4.o
 .bss.pxEnd     0x00000000200012d8        0x4 ./Middlewares/FreeRTOS/heap_4.o
 .bss.xFreeBytesRemaining
                0x00000000200012dc        0x4 ./Middlewares/FreeRTOS/heap_4.o
 .bss.xMinimumEverFreeBytesRemaining
                0x00000000200012e0        0x4 ./Middlewares/FreeRTOS/heap_4.o
 .bss.xBlockAllocatedBit
                0x00000000200012e4        0x4 ./Middlewares/FreeRTOS/heap_4.o
 .bss.pxCurrentTCB
                0x00000000200012e8        0x4 ./Middlewares/FreeRTOS/tasks.o
                0x00000000200012e8                pxCurrentTCB
 .bss.pxReadyTasksLists
                0x00000000200012ec       0x8c ./Middlewares/FreeRTOS/tasks.o
 .bss.xDelayedTaskList1
                0x0000000020001378       0x14 ./Middlewares/FreeRTOS/tasks.o
 .bss.xDelayedTaskList2
                0x000000002000138c       0x14 ./Middlewares/FreeRTOS/tasks.o
 .bss.pxDelayedTaskList
                0x00000000200013a0        0x4 ./Middlewares/FreeRTOS/tasks.o
 .bss.pxOverflowDelayedTaskList
                0x00000000200013a4        0x4 ./Middlewares/FreeRTOS/tasks.o
 .bss.xPendingReadyList
                0x00000000200013a8       0x14 ./Middlewares/FreeRTOS/tasks.o
 .bss.xTasksWaitingTermination
                0x00000000200013bc       0x14 ./Middlewares/FreeRTOS/tasks.o
 .bss.uxDeletedTasksWaitingCleanUp
                0x00000000200013d0        0x4 ./Middlewares/FreeRTOS/tasks.o
 .bss.xSuspendedTaskList
                0x00000000200013d4       0x14 ./Middlewares/FreeRTOS/tasks.o
 .bss.uxCurrentNumberOfTasks
                0x00000000200013e8        0x4 ./Middlewares/FreeRTOS/tasks.o
 .bss.xTickCount
                0x00000000200013ec        0x4 ./Middlewares/FreeRTOS/tasks.o
 .bss.uxTopReadyPriority
                0x00000000200013f0        0x4 ./Middlewares/FreeRTOS/tasks.o
 .bss.xSchedulerRunning
                0x00000000200013f4        0x4 ./Middlewares/FreeRTOS/tasks.o
 .bss.uxPendedTicks
                0x00000000200013f8        0x4 ./Middlewares/FreeRTOS/tasks.o
 .bss.xYieldPending
                0x00000000200013fc        0x4 ./Middlewares/FreeRTOS/tasks.o
 .bss.xNumOfOverflows
                0x0000000020001400        0x4 ./Middlewares/FreeRTOS/tasks.o
 .bss.uxTaskNumber
                0x0000000020001404        0x4 ./Middlewares/FreeRTOS/tasks.o
 .bss.xNextTaskUnblockTime
                0x0000000020001408        0x4 ./Middlewares/FreeRTOS/tasks.o
 .bss.xIdleTaskHandle
                0x000000002000140c        0x4 ./Middlewares/FreeRTOS/tasks.o
 .bss.uxSchedulerSuspended
                0x0000000020001410        0x4 ./Middlewares/FreeRTOS/tasks.o
 .bss.__malloc_free_list
                0x0000000020001414        0x4 /opt/st/stm32cubeide_1.12.0/plugins/com.st.stm32cube.ide.mcu.externaltools.gnu-tools-for-stm32.10.3-2021.10.linux64_1.0.200.202301161003/tools/bin/../lib/gcc/arm-none-eabi/10.3.1/../../../../arm-none-eabi/lib/thumb/v6-m/nofp/libc_nano.a(lib_a-nano-mallocr.o)
                0x0000000020001414                __malloc_free_list
 .bss.__malloc_sbrk_start
                0x0000000020001418        0x4 /opt/st/stm32cubeide_1.12.0/plugins/com.st.stm32cube.ide.mcu.externaltools.gnu-tools-for-stm32.10.3-2021.10.linux64_1.0.200.202301161003/tools/bin/../lib/gcc/arm-none-eabi/10.3.1/../../../../arm-none-eabi/lib/thumb/v6-m/nofp/libc_nano.a(lib_a-nano-mallocr.o)
                0x0000000020001418                __malloc_sbrk_start
 .bss.errno     0x000000002000141c        0x4 /opt/st/stm32cubeide_1.12.0/plugins/com.st.stm32cube.ide.mcu.externaltools.gnu-tools-for-stm32.10.3-2021.10.linux64_1.0.200.202301161003/tools/bin/../lib/gcc/arm-none-eabi/10.3.1/../../../../arm-none-eabi/lib/thumb/v6-m/nofp/libc_nano.a(lib_a-reent.o)
                0x000000002000141c                errno
 .bss.__lock___malloc_recursive_mutex
                0x0000000020001420        0x1 /opt/st/stm32cubeide_1.12.0/plugins/com.st.stm32cube.ide.mcu.externaltools.gnu-tools-for-stm32.10.3-2021.10.linux64_1.0.200.202301161003/tools/bin/../lib/gcc/arm-none-eabi/10.3.1/../../../../arm-none-eabi/lib/thumb/v6-m/nofp/libc_nano.a(lib_a-lock.o)
                0x0000000020001420                __lock___malloc_recursive_mutex
 *(COMMON)
                0x0000000020001424                . = ALIGN (0x4)
 *fill*         0x0000000020001421        0x3 
                0x0000000020001424                _ebss = .
                0x0000000020001424                __bss_end__ = _ebss

._user_heap_stack
                0x0000000020001424     0x1004 load address 0x0000000008009ef8
                0x0000000020001428                . = ALIGN (0x8)
 *fill*         0x0000000020001424        0x4 
                [!provide]                        PROVIDE (end = .)
                0x0000000020001428                PROVIDE (_end = .)
                0x0000000020001c28                . = (. + _Min_Heap_Size)
 *fill*         0x0000000020001428      0x800 
                0x0000000020002428                . = (. + _Min_Stack_Size)
 *fill*         0x0000000020001c28      0x800 
                0x0000000020002428                . = ALIGN (0x8)

/DISCARD/
 libc.a(*)
 libm.a(*)
 libgcc.a(*)

.ARM.attributes
                0x0000000000000000       0x28
 *(.ARM.attributes)
 .ARM.attributes
                0x0000000000000000       0x1e /opt/st/stm32cubeide_1.12.0/plugins/com.st.stm32cube.ide.mcu.externaltools.gnu-tools-for-stm32.10.3-2021.10.linux64_1.0.200.202301161003/tools/bin/../lib/gcc/arm-none-eabi/10.3.1/thumb/v6-m/nofp/crti.o
 .ARM.attributes
                0x000000000000001e       0x2c /opt/st/stm32cubeide_1.12.0/plugins/com.st.stm32cube.ide.mcu.externaltools.gnu-tools-for-stm32.10.3-2021.10.linux64_1.0.200.202301161003/tools/bin/../lib/gcc/arm-none-eabi/10.3.1/thumb/v6-m/nofp/crtbegin.o
 .ARM.attributes
                0x000000000000004a       0x2c ./Core/Src/bmp3.o
 .ARM.attributes
                0x0000000000000076       0x2c ./Core/Src/bmp390_task.o
 .ARM.attributes
                0x00000000000000a2       0x2c ./Core/Src/common_porting.o
 .ARM.attributes
                0x00000000000000ce       0x2c ./Core/Src/freertos.o
 .ARM.attributes
                0x00000000000000fa       0x2c ./Core/Src/gpio.o
 .ARM.attributes
                0x0000000000000126       0x2c ./Core/Src/i2c.o
 .ARM.attributes
                0x0000000000000152       0x2c ./Core/Src/main.o
 .ARM.attributes
                0x000000000000017e       0x2c ./Core/Src/stm32l0xx_hal_msp.o
 .ARM.attributes
                0x00000000000001aa       0x2c ./Core/Src/stm32l0xx_it.o
 .ARM.attributes
                0x00000000000001d6       0x2c ./Core/Src/sysmem.o
 .ARM.attributes
                0x0000000000000202       0x2c ./Core/Src/system_stm32l0xx.o
 .ARM.attributes
                0x000000000000022e       0x2c ./Core/Src/usart.o
 .ARM.attributes
                0x000000000000025a       0x22 ./Core/Startup/startup_stm32l010rbtx.o
 .ARM.attributes
                0x000000000000027c       0x2c ./Drivers/STM32L0xx_HAL_Driver/stm32l0xx_hal.o
 .ARM.attributes
                0x00000000000002a8       0x2c ./Drivers/STM32L0xx_HAL_Driver/stm32l0xx_hal_cortex.o
 .ARM.attributes
                0x00000000000002d4       0x2c ./Drivers/STM32L0xx_HAL_Driver/stm32l0xx_hal_gpio.o
 .ARM.attributes
                0x0000000000000300       0x2c ./Drivers/STM32L0xx_HAL_Driver/stm32l0xx_hal_i2c.o
 .ARM.attributes
                0x000000000000032c       0x2c ./Drivers/STM32L0xx_HAL_Driver/stm32l0xx_hal_i2c_ex.o
 .ARM.attributes
                0x0000000000000358       0x2c ./Drivers/STM32L0xx_HAL_Driver/stm32l0xx_hal_rcc.o
 .ARM.attributes
                0x0000000000000384       0x2c ./Drivers/STM32L0xx_HAL_Driver/stm32l0xx_hal_rcc_ex.o
 .ARM.attributes
                0x00000000000003b0       0x2c ./Drivers/STM32L0xx_HAL_Driver/stm32l0xx_hal_uart.o
 .ARM.attributes
                0x00000000000003dc       0x2c ./Middlewares/FreeRTOS/cmsis_os.o
 .ARM.attributes
                0x0000000000000408       0x2c ./Middlewares/FreeRTOS/heap_4.o
 .ARM.attributes
                0x0000000000000434       0x2c ./Middlewares/FreeRTOS/list.o
 .ARM.attributes
                0x0000000000000460       0x2c ./Middlewares/FreeRTOS/port.o
 .ARM.attributes
                0x000000000000048c       0x2c ./Middlewares/FreeRTOS/tasks.o
 .ARM.attributes
                0x00000000000004b8       0x2c /opt/st/stm32cubeide_1.12.0/plugins/com.st.stm32cube.ide.mcu.externaltools.gnu-tools-for-stm32.10.3-2021.10.linux64_1.0.200.202301161003/tools/bin/../lib/gcc/arm-none-eabi/10.3.1/../../../../arm-none-eabi/lib/thumb/v6-m/nofp/libc_nano.a(lib_a-errno.o)
 .ARM.attributes
                0x00000000000004e4       0x2c /opt/st/stm32cubeide_1.12.0/plugins/com.st.stm32cube.ide.mcu.externaltools.gnu-tools-for-stm32.10.3-2021.10.linux64_1.0.200.202301161003/tools/bin/../lib/gcc/arm-none-eabi/10.3.1/../../../../arm-none-eabi/lib/thumb/v6-m/nofp/libc_nano.a(lib_a-impure.o)
 .ARM.attributes
                0x0000000000000510       0x2c /opt/st/stm32cubeide_1.12.0/plugins/com.st.stm32cube.ide.mcu.externaltools.gnu-tools-for-stm32.10.3-2021.10.linux64_1.0.200.202301161003/tools/bin/../lib/gcc/arm-none-eabi/10.3.1/../../../../arm-none-eabi/lib/thumb/v6-m/nofp/libc_nano.a(lib_a-init.o)
 .ARM.attributes
                0x000000000000053c       0x2c /opt/st/stm32cubeide_1.12.0/plugins/com.st.stm32cube.ide.mcu.externaltools.gnu-tools-for-stm32.10.3-2021.10.linux64_1.0.200.202301161003/tools/bin/../lib/gcc/arm-none-eabi/10.3.1/../../../../arm-none-eabi/lib/thumb/v6-m/nofp/libc_nano.a(lib_a-memcpy-stub.o)
 .ARM.attributes
                0x0000000000000568       0x2c /opt/st/stm32cubeide_1.12.0/plugins/com.st.stm32cube.ide.mcu.externaltools.gnu-tools-for-stm32.10.3-2021.10.linux64_1.0.200.202301161003/tools/bin/../lib/gcc/arm-none-eabi/10.3.1/../../../../arm-none-eabi/lib/thumb/v6-m/nofp/libc_nano.a(lib_a-memset.o)
 .ARM.attributes
                0x0000000000000594       0x1c /opt/st/stm32cubeide_1.12.0/plugins/com.st.stm32cube.ide.mcu.externaltools.gnu-tools-for-stm32.10.3-2021.10.linux64_1.0.200.202301161003/tools/bin/../lib/gcc/arm-none-eabi/10.3.1/../../../../arm-none-eabi/lib/thumb/v6-m/nofp/libc_nano.a(lib_a-strlen.o)
 .ARM.attributes
                0x00000000000005b0       0x2c /opt/st/stm32cubeide_1.12.0/plugins/com.st.stm32cube.ide.mcu.externaltools.gnu-tools-for-stm32.10.3-2021.10.linux64_1.0.200.202301161003/tools/bin/../lib/gcc/arm-none-eabi/10.3.1/../../../../arm-none-eabi/lib/thumb/v6-m/nofp/libc_nano.a(lib_a-vsnprintf.o)
 .ARM.attributes
                0x00000000000005dc       0x2c /opt/st/stm32cubeide_1.12.0/plugins/com.st.stm32cube.ide.mcu.externaltools.gnu-tools-for-stm32.10.3-2021.10.linux64_1.0.200.202301161003/tools/bin/../lib/gcc/arm-none-eabi/10.3.1/../../../../arm-none-eabi/lib/thumb/v6-m/nofp/libc_nano.a(lib_a-nano-svfprintf.o)
 .ARM.attributes
                0x0000000000000608       0x2c /opt/st/stm32cubeide_1.12.0/plugins/com.st.stm32cube.ide.mcu.externaltools.gnu-tools-for-stm32.10.3-2021.10.linux64_1.0.200.202301161003/tools/bin/../lib/gcc/arm-none-eabi/10.3.1/../../../../arm-none-eabi/lib/thumb/v6-m/nofp/libc_nano.a(lib_a-nano-vfprintf_i.o)
 .ARM.attributes
                0x0000000000000634       0x2c /opt/st/stm32cubeide_1.12.0/plugins/com.st.stm32cube.ide.mcu.externaltools.gnu-tools-for-stm32.10.3-2021.10.linux64_1.0.200.202301161003/tools/bin/../lib/gcc/arm-none-eabi/10.3.1/../../../../arm-none-eabi/lib/thumb/v6-m/nofp/libc_nano.a(lib_a-memchr-stub.o)
 .ARM.attributes
                0x0000000000000660       0x2c /opt/st/stm32cubeide_1.12.0/plugins/com.st.stm32cube.ide.mcu.externaltools.gnu-tools-for-stm32.10.3-2021.10.linux64_1.0.200.202301161003/tools/bin/../lib/gcc/arm-none-eabi/10.3.1/../../../../arm-none-eabi/lib/thumb/v6-m/nofp/libc_nano.a(lib_a-memmove.o)
 .ARM.attributes
                0x000000000000068c       0x2c /opt/st/stm32cubeide_1.12.0/plugins/com.st.stm32cube.ide.mcu.externaltools.gnu-tools-for-stm32.10.3-2021.10.linux64_1.0.200.202301161003/tools/bin/../lib/gcc/arm-none-eabi/10.3.1/../../../../arm-none-eabi/lib/thumb/v6-m/nofp/libc_nano.a(lib_a-nano-freer.o)
 .ARM.attributes
                0x00000000000006b8       0x2c /opt/st/stm32cubeide_1.12.0/plugins/com.st.stm32cube.ide.mcu.externaltools.gnu-tools-for-stm32.10.3-2021.10.linux64_1.0.200.202301161003/tools/bin/../lib/gcc/arm-none-eabi/10.3.1/../../../../arm-none-eabi/lib/thumb/v6-m/nofp/libc_nano.a(lib_a-nano-mallocr.o)
 .ARM.attributes
                0x00000000000006e4       0x2c /opt/st/stm32cubeide_1.12.0/plugins/com.st.stm32cube.ide.mcu.externaltools.gnu-tools-for-stm32.10.3-2021.10.linux64_1.0.200.202301161003/tools/bin/../lib/gcc/arm-none-eabi/10.3.1/../../../../arm-none-eabi/lib/thumb/v6-m/nofp/libc_nano.a(lib_a-nano-reallocr.o)
 .ARM.attributes
                0x0000000000000710       0x2c /opt/st/stm32cubeide_1.12.0/plugins/com.st.stm32cube.ide.mcu.externaltools.gnu-tools-for-stm32.10.3-2021.10.linux64_1.0.200.202301161003/tools/bin/../lib/gcc/arm-none-eabi/10.3.1/../../../../arm-none-eabi/lib/thumb/v6-m/nofp/libc_nano.a(lib_a-sbrkr.o)
 .ARM.attributes
                0x000000000000073c       0x2c /opt/st/stm32cubeide_1.12.0/plugins/com.st.stm32cube.ide.mcu.externaltools.gnu-tools-for-stm32.10.3-2021.10.linux64_1.0.200.202301161003/tools/bin/../lib/gcc/arm-none-eabi/10.3.1/../../../../arm-none-eabi/lib/thumb/v6-m/nofp/libc_nano.a(lib_a-mlock.o)
 .ARM.attributes
                0x0000000000000768       0x2c /opt/st/stm32cubeide_1.12.0/plugins/com.st.stm32cube.ide.mcu.externaltools.gnu-tools-for-stm32.10.3-2021.10.linux64_1.0.200.202301161003/tools/bin/../lib/gcc/arm-none-eabi/10.3.1/../../../../arm-none-eabi/lib/thumb/v6-m/nofp/libc_nano.a(lib_a-nano-msizer.o)
 .ARM.attributes
                0x0000000000000794       0x2c /opt/st/stm32cubeide_1.12.0/plugins/com.st.stm32cube.ide.mcu.externaltools.gnu-tools-for-stm32.10.3-2021.10.linux64_1.0.200.202301161003/tools/bin/../lib/gcc/arm-none-eabi/10.3.1/../../../../arm-none-eabi/lib/thumb/v6-m/nofp/libc_nano.a(lib_a-reent.o)
 .ARM.attributes
                0x00000000000007c0       0x2c /opt/st/stm32cubeide_1.12.0/plugins/com.st.stm32cube.ide.mcu.externaltools.gnu-tools-for-stm32.10.3-2021.10.linux64_1.0.200.202301161003/tools/bin/../lib/gcc/arm-none-eabi/10.3.1/../../../../arm-none-eabi/lib/thumb/v6-m/nofp/libc_nano.a(lib_a-lock.o)
 .ARM.attributes
                0x00000000000007ec       0x1e /opt/st/stm32cubeide_1.12.0/plugins/com.st.stm32cube.ide.mcu.externaltools.gnu-tools-for-stm32.10.3-2021.10.linux64_1.0.200.202301161003/tools/bin/../lib/gcc/arm-none-eabi/10.3.1/thumb/v6-m/nofp/libgcc.a(_thumb1_case_shi.o)
 .ARM.attributes
                0x000000000000080a       0x1e /opt/st/stm32cubeide_1.12.0/plugins/com.st.stm32cube.ide.mcu.externaltools.gnu-tools-for-stm32.10.3-2021.10.linux64_1.0.200.202301161003/tools/bin/../lib/gcc/arm-none-eabi/10.3.1/thumb/v6-m/nofp/libgcc.a(_udivsi3.o)
 .ARM.attributes
                0x0000000000000828       0x1e /opt/st/stm32cubeide_1.12.0/plugins/com.st.stm32cube.ide.mcu.externaltools.gnu-tools-for-stm32.10.3-2021.10.linux64_1.0.200.202301161003/tools/bin/../lib/gcc/arm-none-eabi/10.3.1/thumb/v6-m/nofp/libgcc.a(_dvmd_tls.o)
 .ARM.attributes
                0x0000000000000846       0x1e /opt/st/stm32cubeide_1.12.0/plugins/com.st.stm32cube.ide.mcu.externaltools.gnu-tools-for-stm32.10.3-2021.10.linux64_1.0.200.202301161003/tools/bin/../lib/gcc/arm-none-eabi/10.3.1/thumb/v6-m/nofp/libgcc.a(_arm_cmpdf2.o)
 .ARM.attributes
                0x0000000000000864       0x1e /opt/st/stm32cubeide_1.12.0/plugins/com.st.stm32cube.ide.mcu.externaltools.gnu-tools-for-stm32.10.3-2021.10.linux64_1.0.200.202301161003/tools/bin/../lib/gcc/arm-none-eabi/10.3.1/thumb/v6-m/nofp/libgcc.a(_aeabi_uldivmod.o)
 .ARM.attributes
                0x0000000000000882       0x2c /opt/st/stm32cubeide_1.12.0/plugins/com.st.stm32cube.ide.mcu.externaltools.gnu-tools-for-stm32.10.3-2021.10.linux64_1.0.200.202301161003/tools/bin/../lib/gcc/arm-none-eabi/10.3.1/thumb/v6-m/nofp/libgcc.a(_muldi3.o)
 .ARM.attributes
                0x00000000000008ae       0x2c /opt/st/stm32cubeide_1.12.0/plugins/com.st.stm32cube.ide.mcu.externaltools.gnu-tools-for-stm32.10.3-2021.10.linux64_1.0.200.202301161003/tools/bin/../lib/gcc/arm-none-eabi/10.3.1/thumb/v6-m/nofp/libgcc.a(_fixunssfsi.o)
 .ARM.attributes
                0x00000000000008da       0x2c /opt/st/stm32cubeide_1.12.0/plugins/com.st.stm32cube.ide.mcu.externaltools.gnu-tools-for-stm32.10.3-2021.10.linux64_1.0.200.202301161003/tools/bin/../lib/gcc/arm-none-eabi/10.3.1/thumb/v6-m/nofp/libgcc.a(_floatdidf.o)
 .ARM.attributes
                0x0000000000000906       0x2c /opt/st/stm32cubeide_1.12.0/plugins/com.st.stm32cube.ide.mcu.externaltools.gnu-tools-for-stm32.10.3-2021.10.linux64_1.0.200.202301161003/tools/bin/../lib/gcc/arm-none-eabi/10.3.1/thumb/v6-m/nofp/libgcc.a(_floatundidf.o)
 .ARM.attributes
                0x0000000000000932       0x2c /opt/st/stm32cubeide_1.12.0/plugins/com.st.stm32cube.ide.mcu.externaltools.gnu-tools-for-stm32.10.3-2021.10.linux64_1.0.200.202301161003/tools/bin/../lib/gcc/arm-none-eabi/10.3.1/thumb/v6-m/nofp/libgcc.a(_udivmoddi4.o)
 .ARM.attributes
                0x000000000000095e       0x2c /opt/st/stm32cubeide_1.12.0/plugins/com.st.stm32cube.ide.mcu.externaltools.gnu-tools-for-stm32.10.3-2021.10.linux64_1.0.200.202301161003/tools/bin/../lib/gcc/arm-none-eabi/10.3.1/thumb/v6-m/nofp/libgcc.a(addsf3.o)
 .ARM.attributes
                0x000000000000098a       0x2c /opt/st/stm32cubeide_1.12.0/plugins/com.st.stm32cube.ide.mcu.externaltools.gnu-tools-for-stm32.10.3-2021.10.linux64_1.0.200.202301161003/tools/bin/../lib/gcc/arm-none-eabi/10.3.1/thumb/v6-m/nofp/libgcc.a(mulsf3.o)
 .ARM.attributes
                0x00000000000009b6       0x2c /opt/st/stm32cubeide_1.12.0/plugins/com.st.stm32cube.ide.mcu.externaltools.gnu-tools-for-stm32.10.3-2021.10.linux64_1.0.200.202301161003/tools/bin/../lib/gcc/arm-none-eabi/10.3.1/thumb/v6-m/nofp/libgcc.a(subsf3.o)
 .ARM.attributes
                0x00000000000009e2       0x2c /opt/st/stm32cubeide_1.12.0/plugins/com.st.stm32cube.ide.mcu.externaltools.gnu-tools-for-stm32.10.3-2021.10.linux64_1.0.200.202301161003/tools/bin/../lib/gcc/arm-none-eabi/10.3.1/thumb/v6-m/nofp/libgcc.a(fixsfsi.o)
 .ARM.attributes
                0x0000000000000a0e       0x2c /opt/st/stm32cubeide_1.12.0/plugins/com.st.stm32cube.ide.mcu.externaltools.gnu-tools-for-stm32.10.3-2021.10.linux64_1.0.200.202301161003/tools/bin/../lib/gcc/arm-none-eabi/10.3.1/thumb/v6-m/nofp/libgcc.a(adddf3.o)
 .ARM.attributes
                0x0000000000000a3a       0x2c /opt/st/stm32cubeide_1.12.0/plugins/com.st.stm32cube.ide.mcu.externaltools.gnu-tools-for-stm32.10.3-2021.10.linux64_1.0.200.202301161003/tools/bin/../lib/gcc/arm-none-eabi/10.3.1/thumb/v6-m/nofp/libgcc.a(divdf3.o)
 .ARM.attributes
                0x0000000000000a66       0x2c /opt/st/stm32cubeide_1.12.0/plugins/com.st.stm32cube.ide.mcu.externaltools.gnu-tools-for-stm32.10.3-2021.10.linux64_1.0.200.202301161003/tools/bin/../lib/gcc/arm-none-eabi/10.3.1/thumb/v6-m/nofp/libgcc.a(eqdf2.o)
 .ARM.attributes
                0x0000000000000a92       0x2c /opt/st/stm32cubeide_1.12.0/plugins/com.st.stm32cube.ide.mcu.externaltools.gnu-tools-for-stm32.10.3-2021.10.linux64_1.0.200.202301161003/tools/bin/../lib/gcc/arm-none-eabi/10.3.1/thumb/v6-m/nofp/libgcc.a(gedf2.o)
 .ARM.attributes
                0x0000000000000abe       0x2c /opt/st/stm32cubeide_1.12.0/plugins/com.st.stm32cube.ide.mcu.externaltools.gnu-tools-for-stm32.10.3-2021.10.linux64_1.0.200.202301161003/tools/bin/../lib/gcc/arm-none-eabi/10.3.1/thumb/v6-m/nofp/libgcc.a(ledf2.o)
 .ARM.attributes
                0x0000000000000aea       0x2c /opt/st/stm32cubeide_1.12.0/plugins/com.st.stm32cube.ide.mcu.externaltools.gnu-tools-for-stm32.10.3-2021.10.linux64_1.0.200.202301161003/tools/bin/../lib/gcc/arm-none-eabi/10.3.1/thumb/v6-m/nofp/libgcc.a(muldf3.o)
 .ARM.attributes
                0x0000000000000b16       0x2c /opt/st/stm32cubeide_1.12.0/plugins/com.st.stm32cube.ide.mcu.externaltools.gnu-tools-for-stm32.10.3-2021.10.linux64_1.0.200.202301161003/tools/bin/../lib/gcc/arm-none-eabi/10.3.1/thumb/v6-m/nofp/libgcc.a(subdf3.o)
 .ARM.attributes
                0x0000000000000b42       0x2c /opt/st/stm32cubeide_1.12.0/plugins/com.st.stm32cube.ide.mcu.externaltools.gnu-tools-for-stm32.10.3-2021.10.linux64_1.0.200.202301161003/tools/bin/../lib/gcc/arm-none-eabi/10.3.1/thumb/v6-m/nofp/libgcc.a(floatsidf.o)
 .ARM.attributes
                0x0000000000000b6e       0x2c /opt/st/stm32cubeide_1.12.0/plugins/com.st.stm32cube.ide.mcu.externaltools.gnu-tools-for-stm32.10.3-2021.10.linux64_1.0.200.202301161003/tools/bin/../lib/gcc/arm-none-eabi/10.3.1/thumb/v6-m/nofp/libgcc.a(floatunsidf.o)
 .ARM.attributes
                0x0000000000000b9a       0x2c /opt/st/stm32cubeide_1.12.0/plugins/com.st.stm32cube.ide.mcu.externaltools.gnu-tools-for-stm32.10.3-2021.10.linux64_1.0.200.202301161003/tools/bin/../lib/gcc/arm-none-eabi/10.3.1/thumb/v6-m/nofp/libgcc.a(extendsfdf2.o)
 .ARM.attributes
                0x0000000000000bc6       0x2c /opt/st/stm32cubeide_1.12.0/plugins/com.st.stm32cube.ide.mcu.externaltools.gnu-tools-for-stm32.10.3-2021.10.linux64_1.0.200.202301161003/tools/bin/../lib/gcc/arm-none-eabi/10.3.1/thumb/v6-m/nofp/libgcc.a(truncdfsf2.o)
 .ARM.attributes
                0x0000000000000bf2       0x1e /opt/st/stm32cubeide_1.12.0/plugins/com.st.stm32cube.ide.mcu.externaltools.gnu-tools-for-stm32.10.3-2021.10.linux64_1.0.200.202301161003/tools/bin/../lib/gcc/arm-none-eabi/10.3.1/thumb/v6-m/nofp/libgcc.a(_arm_cmpsf2.o)
 .ARM.attributes
                0x0000000000000c10       0x1e /opt/st/stm32cubeide_1.12.0/plugins/com.st.stm32cube.ide.mcu.externaltools.gnu-tools-for-stm32.10.3-2021.10.linux64_1.0.200.202301161003/tools/bin/../lib/gcc/arm-none-eabi/10.3.1/thumb/v6-m/nofp/libgcc.a(_clzsi2.o)
 .ARM.attributes
                0x0000000000000c2e       0x1e /opt/st/stm32cubeide_1.12.0/plugins/com.st.stm32cube.ide.mcu.externaltools.gnu-tools-for-stm32.10.3-2021.10.linux64_1.0.200.202301161003/tools/bin/../lib/gcc/arm-none-eabi/10.3.1/thumb/v6-m/nofp/libgcc.a(_clzdi2.o)
 .ARM.attributes
                0x0000000000000c4c       0x2c /opt/st/stm32cubeide_1.12.0/plugins/com.st.stm32cube.ide.mcu.externaltools.gnu-tools-for-stm32.10.3-2021.10.linux64_1.0.200.202301161003/tools/bin/../lib/gcc/arm-none-eabi/10.3.1/thumb/v6-m/nofp/libgcc.a(eqsf2.o)
 .ARM.attributes
                0x0000000000000c78       0x2c /opt/st/stm32cubeide_1.12.0/plugins/com.st.stm32cube.ide.mcu.externaltools.gnu-tools-for-stm32.10.3-2021.10.linux64_1.0.200.202301161003/tools/bin/../lib/gcc/arm-none-eabi/10.3.1/thumb/v6-m/nofp/libgcc.a(gesf2.o)
 .ARM.attributes
                0x0000000000000ca4       0x2c /opt/st/stm32cubeide_1.12.0/plugins/com.st.stm32cube.ide.mcu.externaltools.gnu-tools-for-stm32.10.3-2021.10.linux64_1.0.200.202301161003/tools/bin/../lib/gcc/arm-none-eabi/10.3.1/thumb/v6-m/nofp/libgcc.a(lesf2.o)
 .ARM.attributes
                0x0000000000000cd0       0x1e /opt/st/stm32cubeide_1.12.0/plugins/com.st.stm32cube.ide.mcu.externaltools.gnu-tools-for-stm32.10.3-2021.10.linux64_1.0.200.202301161003/tools/bin/../lib/gcc/arm-none-eabi/10.3.1/thumb/v6-m/nofp/crtn.o
OUTPUT(seve_test_v2.elf elf32-littlearm)
LOAD linker stubs
LOAD /opt/st/stm32cubeide_1.12.0/plugins/com.st.stm32cube.ide.mcu.externaltools.gnu-tools-for-stm32.10.3-2021.10.linux64_1.0.200.202301161003/tools/bin/../lib/gcc/arm-none-eabi/10.3.1/../../../../arm-none-eabi/lib/thumb/v6-m/nofp/libc.a
LOAD /opt/st/stm32cubeide_1.12.0/plugins/com.st.stm32cube.ide.mcu.externaltools.gnu-tools-for-stm32.10.3-2021.10.linux64_1.0.200.202301161003/tools/bin/../lib/gcc/arm-none-eabi/10.3.1/../../../../arm-none-eabi/lib/thumb/v6-m/nofp/libm.a
LOAD /opt/st/stm32cubeide_1.12.0/plugins/com.st.stm32cube.ide.mcu.externaltools.gnu-tools-for-stm32.10.3-2021.10.linux64_1.0.200.202301161003/tools/bin/../lib/gcc/arm-none-eabi/10.3.1/thumb/v6-m/nofp/libgcc.a

.debug_info     0x0000000000000000    0x139f5
 .debug_info    0x0000000000000000     0x239e ./Core/Src/bmp3.o
 .debug_info    0x000000000000239e      0x8d1 ./Core/Src/bmp390_task.o
 .debug_info    0x0000000000002c6f      0xd62 ./Core/Src/common_porting.o
 .debug_info    0x00000000000039d1      0x4d1 ./Core/Src/freertos.o
 .debug_info    0x0000000000003ea2      0x3ad ./Core/Src/gpio.o
 .debug_info    0x000000000000424f      0x99e ./Core/Src/i2c.o
 .debug_info    0x0000000000004bed     0x152a ./Core/Src/main.o
 .debug_info    0x0000000000006117      0x2aa ./Core/Src/stm32l0xx_hal_msp.o
 .debug_info    0x00000000000063c1       0xde ./Core/Src/stm32l0xx_it.o
 .debug_info    0x000000000000649f      0x171 ./Core/Src/sysmem.o
 .debug_info    0x0000000000006610      0x309 ./Core/Src/system_stm32l0xx.o
 .debug_info    0x0000000000006919      0x9c0 ./Core/Src/usart.o
 .debug_info    0x00000000000072d9       0x22 ./Core/Startup/startup_stm32l010rbtx.o
 .debug_info    0x00000000000072fb      0x869 ./Drivers/STM32L0xx_HAL_Driver/stm32l0xx_hal.o
 .debug_info    0x0000000000007b64      0x6d3 ./Drivers/STM32L0xx_HAL_Driver/stm32l0xx_hal_cortex.o
 .debug_info    0x0000000000008237      0x696 ./Drivers/STM32L0xx_HAL_Driver/stm32l0xx_hal_gpio.o
 .debug_info    0x00000000000088cd     0x2273 ./Drivers/STM32L0xx_HAL_Driver/stm32l0xx_hal_i2c.o
 .debug_info    0x000000000000ab40      0x6fd ./Drivers/STM32L0xx_HAL_Driver/stm32l0xx_hal_i2c_ex.o
 .debug_info    0x000000000000b23d      0x989 ./Drivers/STM32L0xx_HAL_Driver/stm32l0xx_hal_rcc.o
 .debug_info    0x000000000000bbc6      0x4c0 ./Drivers/STM32L0xx_HAL_Driver/stm32l0xx_hal_rcc_ex.o
 .debug_info    0x000000000000c086     0x3db6 ./Drivers/STM32L0xx_HAL_Driver/stm32l0xx_hal_uart.o
 .debug_info    0x000000000000fe3c     0x1be3 ./Middlewares/FreeRTOS/cmsis_os.o
 .debug_info    0x0000000000011a1f      0x32a ./Middlewares/FreeRTOS/heap_4.o
 .debug_info    0x0000000000011d49      0x2d1 ./Middlewares/FreeRTOS/list.o
 .debug_info    0x000000000001201a      0x29e ./Middlewares/FreeRTOS/port.o
 .debug_info    0x00000000000122b8     0x173d ./Middlewares/FreeRTOS/tasks.o

.debug_abbrev   0x0000000000000000     0x2e84
 .debug_abbrev  0x0000000000000000      0x1e3 ./Core/Src/bmp3.o
 .debug_abbrev  0x00000000000001e3      0x1a2 ./Core/Src/bmp390_task.o
 .debug_abbrev  0x0000000000000385      0x24b ./Core/Src/common_porting.o
 .debug_abbrev  0x00000000000005d0      0x166 ./Core/Src/freertos.o
 .debug_abbrev  0x0000000000000736      0x146 ./Core/Src/gpio.o
 .debug_abbrev  0x000000000000087c      0x1f7 ./Core/Src/i2c.o
 .debug_abbrev  0x0000000000000a73      0x299 ./Core/Src/main.o
 .debug_abbrev  0x0000000000000d0c       0xde ./Core/Src/stm32l0xx_hal_msp.o
 .debug_abbrev  0x0000000000000dea       0xab ./Core/Src/stm32l0xx_it.o
 .debug_abbrev  0x0000000000000e95       0xbb ./Core/Src/sysmem.o
 .debug_abbrev  0x0000000000000f50      0x116 ./Core/Src/system_stm32l0xx.o
 .debug_abbrev  0x0000000000001066      0x1dc ./Core/Src/usart.o
 .debug_abbrev  0x0000000000001242       0x12 ./Core/Startup/startup_stm32l010rbtx.o
 .debug_abbrev  0x0000000000001254      0x29a ./Drivers/STM32L0xx_HAL_Driver/stm32l0xx_hal.o
 .debug_abbrev  0x00000000000014ee      0x265 ./Drivers/STM32L0xx_HAL_Driver/stm32l0xx_hal_cortex.o
 .debug_abbrev  0x0000000000001753      0x1bb ./Drivers/STM32L0xx_HAL_Driver/stm32l0xx_hal_gpio.o
 .debug_abbrev  0x000000000000190e      0x25b ./Drivers/STM32L0xx_HAL_Driver/stm32l0xx_hal_i2c.o
 .debug_abbrev  0x0000000000001b69      0x168 ./Drivers/STM32L0xx_HAL_Driver/stm32l0xx_hal_i2c_ex.o
 .debug_abbrev  0x0000000000001cd1      0x28e ./Drivers/STM32L0xx_HAL_Driver/stm32l0xx_hal_rcc.o
 .debug_abbrev  0x0000000000001f5f      0x1c5 ./Drivers/STM32L0xx_HAL_Driver/stm32l0xx_hal_rcc_ex.o
 .debug_abbrev  0x0000000000002124      0x2cb ./Drivers/STM32L0xx_HAL_Driver/stm32l0xx_hal_uart.o
 .debug_abbrev  0x00000000000023ef      0x330 ./Middlewares/FreeRTOS/cmsis_os.o
 .debug_abbrev  0x000000000000271f      0x19d ./Middlewares/FreeRTOS/heap_4.o
 .debug_abbrev  0x00000000000028bc       0xf2 ./Middlewares/FreeRTOS/list.o
 .debug_abbrev  0x00000000000029ae      0x1ec ./Middlewares/FreeRTOS/port.o
 .debug_abbrev  0x0000000000002b9a      0x2ea ./Middlewares/FreeRTOS/tasks.o

.debug_aranges  0x0000000000000000     0x10d8
 .debug_aranges
                0x0000000000000000      0x220 ./Core/Src/bmp3.o
 .debug_aranges
                0x0000000000000220       0x30 ./Core/Src/bmp390_task.o
 .debug_aranges
                0x0000000000000250       0x50 ./Core/Src/common_porting.o
 .debug_aranges
                0x00000000000002a0       0x30 ./Core/Src/freertos.o
 .debug_aranges
                0x00000000000002d0       0x20 ./Core/Src/gpio.o
 .debug_aranges
                0x00000000000002f0       0x30 ./Core/Src/i2c.o
 .debug_aranges
                0x0000000000000320       0x30 ./Core/Src/main.o
 .debug_aranges
                0x0000000000000350       0x20 ./Core/Src/stm32l0xx_hal_msp.o
 .debug_aranges
                0x0000000000000370       0x30 ./Core/Src/stm32l0xx_it.o
 .debug_aranges
                0x00000000000003a0       0x20 ./Core/Src/sysmem.o
 .debug_aranges
                0x00000000000003c0       0x28 ./Core/Src/system_stm32l0xx.o
 .debug_aranges
                0x00000000000003e8       0x30 ./Core/Src/usart.o
 .debug_aranges
                0x0000000000000418       0x28 ./Core/Startup/startup_stm32l010rbtx.o
 .debug_aranges
                0x0000000000000440      0x110 ./Drivers/STM32L0xx_HAL_Driver/stm32l0xx_hal.o
 .debug_aranges
                0x0000000000000550       0xc0 ./Drivers/STM32L0xx_HAL_Driver/stm32l0xx_hal_cortex.o
 .debug_aranges
                0x0000000000000610       0x58 ./Drivers/STM32L0xx_HAL_Driver/stm32l0xx_hal_gpio.o
 .debug_aranges
                0x0000000000000668      0x2a0 ./Drivers/STM32L0xx_HAL_Driver/stm32l0xx_hal_i2c.o
 .debug_aranges
                0x0000000000000908       0x38 ./Drivers/STM32L0xx_HAL_Driver/stm32l0xx_hal_i2c_ex.o
 .debug_aranges
                0x0000000000000940       0x80 ./Drivers/STM32L0xx_HAL_Driver/stm32l0xx_hal_rcc.o
 .debug_aranges
                0x00000000000009c0       0x58 ./Drivers/STM32L0xx_HAL_Driver/stm32l0xx_hal_rcc_ex.o
 .debug_aranges
                0x0000000000000a18      0x228 ./Drivers/STM32L0xx_HAL_Driver/stm32l0xx_hal_uart.o
 .debug_aranges
                0x0000000000000c40      0x1d8 ./Middlewares/FreeRTOS/cmsis_os.o
 .debug_aranges
                0x0000000000000e18       0x50 ./Middlewares/FreeRTOS/heap_4.o
 .debug_aranges
                0x0000000000000e68       0x40 ./Middlewares/FreeRTOS/list.o
 .debug_aranges
                0x0000000000000ea8       0x88 ./Middlewares/FreeRTOS/port.o
 .debug_aranges
                0x0000000000000f30      0x1a8 ./Middlewares/FreeRTOS/tasks.o

.debug_ranges   0x0000000000000000      0xfa0
 .debug_ranges  0x0000000000000000      0x240 ./Core/Src/bmp3.o
 .debug_ranges  0x0000000000000240       0x20 ./Core/Src/bmp390_task.o
 .debug_ranges  0x0000000000000260       0x40 ./Core/Src/common_porting.o
 .debug_ranges  0x00000000000002a0       0x20 ./Core/Src/freertos.o
 .debug_ranges  0x00000000000002c0       0x10 ./Core/Src/gpio.o
 .debug_ranges  0x00000000000002d0       0x20 ./Core/Src/i2c.o
 .debug_ranges  0x00000000000002f0       0x20 ./Core/Src/main.o
 .debug_ranges  0x0000000000000310       0x10 ./Core/Src/stm32l0xx_hal_msp.o
 .debug_ranges  0x0000000000000320       0x20 ./Core/Src/stm32l0xx_it.o
 .debug_ranges  0x0000000000000340       0x10 ./Core/Src/sysmem.o
 .debug_ranges  0x0000000000000350       0x18 ./Core/Src/system_stm32l0xx.o
 .debug_ranges  0x0000000000000368       0x20 ./Core/Src/usart.o
 .debug_ranges  0x0000000000000388       0x20 ./Core/Startup/startup_stm32l010rbtx.o
 .debug_ranges  0x00000000000003a8      0x100 ./Drivers/STM32L0xx_HAL_Driver/stm32l0xx_hal.o
 .debug_ranges  0x00000000000004a8       0xb0 ./Drivers/STM32L0xx_HAL_Driver/stm32l0xx_hal_cortex.o
 .debug_ranges  0x0000000000000558       0x48 ./Drivers/STM32L0xx_HAL_Driver/stm32l0xx_hal_gpio.o
 .debug_ranges  0x00000000000005a0      0x290 ./Drivers/STM32L0xx_HAL_Driver/stm32l0xx_hal_i2c.o
 .debug_ranges  0x0000000000000830       0x28 ./Drivers/STM32L0xx_HAL_Driver/stm32l0xx_hal_i2c_ex.o
 .debug_ranges  0x0000000000000858       0x70 ./Drivers/STM32L0xx_HAL_Driver/stm32l0xx_hal_rcc.o
 .debug_ranges  0x00000000000008c8       0x48 ./Drivers/STM32L0xx_HAL_Driver/stm32l0xx_hal_rcc_ex.o
 .debug_ranges  0x0000000000000910      0x248 ./Drivers/STM32L0xx_HAL_Driver/stm32l0xx_hal_uart.o
 .debug_ranges  0x0000000000000b58      0x1c8 ./Middlewares/FreeRTOS/cmsis_os.o
 .debug_ranges  0x0000000000000d20       0x40 ./Middlewares/FreeRTOS/heap_4.o